[2021-05-30T16:47:23.391-0700][gc,heap] Heap region size: 1M
[2021-05-30T16:47:23.400-0700][gc     ] Using G1
[2021-05-30T16:47:23.400-0700][gc,heap,coops] Heap address: 0x00000007c0000000, size: 1024 MB, Compressed Oops mode: Zero based, Oop shift amount: 3
[2021-05-30T16:47:24.587-0700][gc,start     ] GC(0) Pause Young (Concurrent Start) (Metadata GC Threshold)
[2021-05-30T16:47:24.587-0700][gc,task      ] GC(0) Using 4 workers of 4 for evacuation
[2021-05-30T16:47:24.600-0700][gc,phases    ] GC(0)   Pre Evacuate Collection Set: 0.0ms
[2021-05-30T16:47:24.600-0700][gc,phases    ] GC(0)   Evacuate Collection Set: 11.5ms
[2021-05-30T16:47:24.600-0700][gc,phases    ] GC(0)   Post Evacuate Collection Set: 0.8ms
[2021-05-30T16:47:24.600-0700][gc,phases    ] GC(0)   Other: 0.5ms
[2021-05-30T16:47:24.600-0700][gc,heap      ] GC(0) Eden regions: 42->0(44)
[2021-05-30T16:47:24.600-0700][gc,heap      ] GC(0) Survivor regions: 0->7(7)
[2021-05-30T16:47:24.600-0700][gc,heap      ] GC(0) Old regions: 0->0
[2021-05-30T16:47:24.600-0700][gc,heap      ] GC(0) Humongous regions: 0->0
[2021-05-30T16:47:24.600-0700][gc,metaspace ] GC(0) Metaspace: 20782K->20782K(1069056K)
[2021-05-30T16:47:24.600-0700][gc           ] GC(0) Pause Young (Concurrent Start) (Metadata GC Threshold) 41M->6M(1024M) 13.033ms
[2021-05-30T16:47:24.600-0700][gc,cpu       ] GC(0) User=0.02s Sys=0.00s Real=0.02s
[2021-05-30T16:47:24.600-0700][gc           ] GC(1) Concurrent Cycle
[2021-05-30T16:47:24.600-0700][gc,marking   ] GC(1) Concurrent Clear Claimed Marks
[2021-05-30T16:47:24.600-0700][gc,marking   ] GC(1) Concurrent Clear Claimed Marks 0.036ms
[2021-05-30T16:47:24.600-0700][gc,marking   ] GC(1) Concurrent Scan Root Regions
[2021-05-30T16:47:24.605-0700][gc,marking   ] GC(1) Concurrent Scan Root Regions 4.768ms
[2021-05-30T16:47:24.605-0700][gc,marking   ] GC(1) Concurrent Mark (1.224s)
[2021-05-30T16:47:24.605-0700][gc,marking   ] GC(1) Concurrent Mark From Roots
[2021-05-30T16:47:24.605-0700][gc,task      ] GC(1) Using 1 workers of 1 for marking
[2021-05-30T16:47:24.605-0700][gc,marking   ] GC(1) Concurrent Mark From Roots 0.196ms
[2021-05-30T16:47:24.605-0700][gc,marking   ] GC(1) Concurrent Preclean
[2021-05-30T16:47:24.605-0700][gc,marking   ] GC(1) Concurrent Preclean 0.035ms
[2021-05-30T16:47:24.605-0700][gc,marking   ] GC(1) Concurrent Mark (1.224s, 1.225s) 0.293ms
[2021-05-30T16:47:24.606-0700][gc,start     ] GC(1) Pause Remark
[2021-05-30T16:47:24.608-0700][gc,stringtable] GC(1) Cleaned string and symbol table, strings: 7421 processed, 0 removed, symbols: 64282 processed, 37 removed
[2021-05-30T16:47:24.608-0700][gc            ] GC(1) Pause Remark 7M->7M(1024M) 2.676ms
[2021-05-30T16:47:24.608-0700][gc,cpu        ] GC(1) User=0.01s Sys=0.00s Real=0.00s
[2021-05-30T16:47:24.608-0700][gc,marking    ] GC(1) Concurrent Rebuild Remembered Sets
[2021-05-30T16:47:24.608-0700][gc,marking    ] GC(1) Concurrent Rebuild Remembered Sets 0.088ms
[2021-05-30T16:47:24.608-0700][gc,start      ] GC(1) Pause Cleanup
[2021-05-30T16:47:24.609-0700][gc            ] GC(1) Pause Cleanup 7M->7M(1024M) 0.119ms
[2021-05-30T16:47:24.609-0700][gc,cpu        ] GC(1) User=0.00s Sys=0.00s Real=0.00s
[2021-05-30T16:47:24.609-0700][gc,marking    ] GC(1) Concurrent Cleanup for Next Mark
[2021-05-30T16:47:24.617-0700][gc,marking    ] GC(1) Concurrent Cleanup for Next Mark 8.227ms
[2021-05-30T16:47:24.617-0700][gc            ] GC(1) Concurrent Cycle 16.710ms
[2021-05-30T16:47:25.410-0700][gc,start      ] GC(2) Pause Young (Normal) (G1 Evacuation Pause)
[2021-05-30T16:47:25.410-0700][gc,task       ] GC(2) Using 4 workers of 4 for evacuation
[2021-05-30T16:47:25.428-0700][gc,phases     ] GC(2)   Pre Evacuate Collection Set: 0.0ms
[2021-05-30T16:47:25.428-0700][gc,phases     ] GC(2)   Evacuate Collection Set: 16.6ms
[2021-05-30T16:47:25.428-0700][gc,phases     ] GC(2)   Post Evacuate Collection Set: 0.8ms
[2021-05-30T16:47:25.428-0700][gc,phases     ] GC(2)   Other: 0.2ms
[2021-05-30T16:47:25.428-0700][gc,heap       ] GC(2) Eden regions: 44->0(49)
[2021-05-30T16:47:25.428-0700][gc,heap       ] GC(2) Survivor regions: 7->2(7)
[2021-05-30T16:47:25.428-0700][gc,heap       ] GC(2) Old regions: 0->7
[2021-05-30T16:47:25.428-0700][gc,heap       ] GC(2) Humongous regions: 0->0
[2021-05-30T16:47:25.428-0700][gc,metaspace  ] GC(2) Metaspace: 30827K->30827K(1077248K)
[2021-05-30T16:47:25.428-0700][gc            ] GC(2) Pause Young (Normal) (G1 Evacuation Pause) 50M->8M(1024M) 17.767ms
[2021-05-30T16:47:25.428-0700][gc,cpu        ] GC(2) User=0.04s Sys=0.01s Real=0.01s
[2021-05-30T16:47:25.665-0700][gc,start      ] GC(3) Pause Young (Concurrent Start) (Metadata GC Threshold)
[2021-05-30T16:47:25.665-0700][gc,task       ] GC(3) Using 4 workers of 4 for evacuation
[2021-05-30T16:47:25.668-0700][gc,phases     ] GC(3)   Pre Evacuate Collection Set: 0.1ms
[2021-05-30T16:47:25.668-0700][gc,phases     ] GC(3)   Evacuate Collection Set: 2.5ms
[2021-05-30T16:47:25.668-0700][gc,phases     ] GC(3)   Post Evacuate Collection Set: 0.2ms
[2021-05-30T16:47:25.668-0700][gc,phases     ] GC(3)   Other: 0.2ms
[2021-05-30T16:47:25.668-0700][gc,heap       ] GC(3) Eden regions: 18->0(48)
[2021-05-30T16:47:25.668-0700][gc,heap       ] GC(3) Survivor regions: 2->3(7)
[2021-05-30T16:47:25.668-0700][gc,heap       ] GC(3) Old regions: 7->7
[2021-05-30T16:47:25.668-0700][gc,heap       ] GC(3) Humongous regions: 129->129
[2021-05-30T16:47:25.668-0700][gc,metaspace  ] GC(3) Metaspace: 34751K->34751K(1081344K)
[2021-05-30T16:47:25.668-0700][gc            ] GC(3) Pause Young (Concurrent Start) (Metadata GC Threshold) 154M->138M(1024M) 3.054ms
[2021-05-30T16:47:25.668-0700][gc,cpu        ] GC(3) User=0.01s Sys=0.00s Real=0.00s
[2021-05-30T16:47:25.668-0700][gc            ] GC(4) Concurrent Cycle
[2021-05-30T16:47:25.668-0700][gc,marking    ] GC(4) Concurrent Clear Claimed Marks
[2021-05-30T16:47:25.669-0700][gc,marking    ] GC(4) Concurrent Clear Claimed Marks 0.059ms
[2021-05-30T16:47:25.669-0700][gc,marking    ] GC(4) Concurrent Scan Root Regions
[2021-05-30T16:47:25.670-0700][gc,marking    ] GC(4) Concurrent Scan Root Regions 1.744ms
[2021-05-30T16:47:25.670-0700][gc,marking    ] GC(4) Concurrent Mark (2.289s)
[2021-05-30T16:47:25.670-0700][gc,marking    ] GC(4) Concurrent Mark From Roots
[2021-05-30T16:47:25.670-0700][gc,task       ] GC(4) Using 1 workers of 1 for marking
[2021-05-30T16:47:25.677-0700][gc,marking    ] GC(4) Concurrent Mark From Roots 6.916ms
[2021-05-30T16:47:25.677-0700][gc,marking    ] GC(4) Concurrent Preclean
[2021-05-30T16:47:25.677-0700][gc,marking    ] GC(4) Concurrent Preclean 0.091ms
[2021-05-30T16:47:25.677-0700][gc,marking    ] GC(4) Concurrent Mark (2.289s, 2.297s) 7.096ms
[2021-05-30T16:47:25.678-0700][gc,start      ] GC(4) Pause Remark
[2021-05-30T16:47:25.680-0700][gc,stringtable] GC(4) Cleaned string and symbol table, strings: 10708 processed, 10 removed, symbols: 95781 processed, 29 removed
[2021-05-30T16:47:25.680-0700][gc            ] GC(4) Pause Remark 139M->139M(1024M) 2.709ms
[2021-05-30T16:47:25.680-0700][gc,cpu        ] GC(4) User=0.01s Sys=0.01s Real=0.01s
[2021-05-30T16:47:25.680-0700][gc,marking    ] GC(4) Concurrent Rebuild Remembered Sets
[2021-05-30T16:47:25.685-0700][gc,marking    ] GC(4) Concurrent Rebuild Remembered Sets 4.489ms
[2021-05-30T16:47:25.685-0700][gc,start      ] GC(4) Pause Cleanup
[2021-05-30T16:47:25.685-0700][gc            ] GC(4) Pause Cleanup 140M->140M(1024M) 0.109ms
[2021-05-30T16:47:25.685-0700][gc,cpu        ] GC(4) User=0.00s Sys=0.00s Real=0.00s
[2021-05-30T16:47:25.685-0700][gc,marking    ] GC(4) Concurrent Cleanup for Next Mark
[2021-05-30T16:47:25.692-0700][gc,marking    ] GC(4) Concurrent Cleanup for Next Mark 7.363ms
[2021-05-30T16:47:25.692-0700][gc            ] GC(4) Concurrent Cycle 24.046ms
[2021-05-30T16:47:26.393-0700][gc,start      ] GC(5) Pause Young (Normal) (G1 Evacuation Pause)
[2021-05-30T16:47:26.393-0700][gc,task       ] GC(5) Using 4 workers of 4 for evacuation
[2021-05-30T16:47:26.403-0700][gc,phases     ] GC(5)   Pre Evacuate Collection Set: 0.0ms
[2021-05-30T16:47:26.403-0700][gc,phases     ] GC(5)   Evacuate Collection Set: 10.1ms
[2021-05-30T16:47:26.403-0700][gc,phases     ] GC(5)   Post Evacuate Collection Set: 0.4ms
[2021-05-30T16:47:26.403-0700][gc,phases     ] GC(5)   Other: 0.2ms
[2021-05-30T16:47:26.403-0700][gc,heap       ] GC(5) Eden regions: 48->0(44)
[2021-05-30T16:47:26.403-0700][gc,heap       ] GC(5) Survivor regions: 3->7(7)
[2021-05-30T16:47:26.403-0700][gc,heap       ] GC(5) Old regions: 7->7
[2021-05-30T16:47:26.403-0700][gc,heap       ] GC(5) Humongous regions: 129->129
[2021-05-30T16:47:26.403-0700][gc,metaspace  ] GC(5) Metaspace: 43492K->43492K(1089536K)
[2021-05-30T16:47:26.404-0700][gc            ] GC(5) Pause Young (Normal) (G1 Evacuation Pause) 186M->141M(1024M) 10.821ms
[2021-05-30T16:47:26.404-0700][gc,cpu        ] GC(5) User=0.03s Sys=0.01s Real=0.01s
[2021-05-30T16:48:53.499-0700][gc,heap,exit  ] Heap
[2021-05-30T16:48:53.500-0700][gc,heap,exit  ]  garbage-first heap   total 1048576K, used 168818K [0x00000007c0000000, 0x0000000800000000)
[2021-05-30T16:48:53.500-0700][gc,heap,exit  ]   region size 1024K, 32 young (32768K), 7 survivors (7168K)
[2021-05-30T16:48:53.500-0700][gc,heap,exit  ]  Metaspace       used 47130K, capacity 49157K, committed 49456K, reserved 1091584K
[2021-05-30T16:48:53.500-0700][gc,heap,exit  ]   class space    used 6008K, capacity 6962K, committed 7040K, reserved 1048576K
