[2021-05-30T16:22:53.866-0700][gc,heap] Heap region size: 1M
[2021-05-30T16:22:53.874-0700][gc     ] Using G1
[2021-05-30T16:22:53.874-0700][gc,heap,coops] Heap address: 0x00000007c0000000, size: 1024 MB, Compressed Oops mode: Zero based, Oop shift amount: 3
[2021-05-30T16:22:54.903-0700][gc,start     ] GC(0) Pause Young (Concurrent Start) (Metadata GC Threshold)
[2021-05-30T16:22:54.903-0700][gc,task      ] GC(0) Using 4 workers of 4 for evacuation
[2021-05-30T16:22:54.913-0700][gc,phases    ] GC(0)   Pre Evacuate Collection Set: 0.1ms
[2021-05-30T16:22:54.913-0700][gc,phases    ] GC(0)   Evacuate Collection Set: 9.2ms
[2021-05-30T16:22:54.913-0700][gc,phases    ] GC(0)   Post Evacuate Collection Set: 0.4ms
[2021-05-30T16:22:54.913-0700][gc,phases    ] GC(0)   Other: 0.6ms
[2021-05-30T16:22:54.913-0700][gc,heap      ] GC(0) Eden regions: 41->0(44)
[2021-05-30T16:22:54.913-0700][gc,heap      ] GC(0) Survivor regions: 0->7(7)
[2021-05-30T16:22:54.913-0700][gc,heap      ] GC(0) Old regions: 0->0
[2021-05-30T16:22:54.913-0700][gc,heap      ] GC(0) Humongous regions: 0->0
[2021-05-30T16:22:54.913-0700][gc,metaspace ] GC(0) Metaspace: 20781K->20781K(1069056K)
[2021-05-30T16:22:54.913-0700][gc           ] GC(0) Pause Young (Concurrent Start) (Metadata GC Threshold) 41M->6M(1024M) 10.352ms
[2021-05-30T16:22:54.913-0700][gc,cpu       ] GC(0) User=0.02s Sys=0.00s Real=0.01s
[2021-05-30T16:22:54.913-0700][gc           ] GC(1) Concurrent Cycle
[2021-05-30T16:22:54.913-0700][gc,marking   ] GC(1) Concurrent Clear Claimed Marks
[2021-05-30T16:22:54.913-0700][gc,marking   ] GC(1) Concurrent Clear Claimed Marks 0.036ms
[2021-05-30T16:22:54.914-0700][gc,marking   ] GC(1) Concurrent Scan Root Regions
[2021-05-30T16:22:54.917-0700][gc,marking   ] GC(1) Concurrent Scan Root Regions 3.774ms
[2021-05-30T16:22:54.917-0700][gc,marking   ] GC(1) Concurrent Mark (1.060s)
[2021-05-30T16:22:54.917-0700][gc,marking   ] GC(1) Concurrent Mark From Roots
[2021-05-30T16:22:54.917-0700][gc,task      ] GC(1) Using 1 workers of 1 for marking
[2021-05-30T16:22:54.918-0700][gc,marking   ] GC(1) Concurrent Mark From Roots 0.200ms
[2021-05-30T16:22:54.918-0700][gc,marking   ] GC(1) Concurrent Preclean
[2021-05-30T16:22:54.918-0700][gc,marking   ] GC(1) Concurrent Preclean 0.038ms
[2021-05-30T16:22:54.918-0700][gc,marking   ] GC(1) Concurrent Mark (1.060s, 1.060s) 0.307ms
[2021-05-30T16:22:54.918-0700][gc,start     ] GC(1) Pause Remark
[2021-05-30T16:22:54.921-0700][gc,stringtable] GC(1) Cleaned string and symbol table, strings: 7410 processed, 0 removed, symbols: 64323 processed, 37 removed
[2021-05-30T16:22:54.921-0700][gc            ] GC(1) Pause Remark 7M->7M(1024M) 3.158ms
[2021-05-30T16:22:54.921-0700][gc,cpu        ] GC(1) User=0.01s Sys=0.00s Real=0.01s
[2021-05-30T16:22:54.921-0700][gc,marking    ] GC(1) Concurrent Rebuild Remembered Sets
[2021-05-30T16:22:54.921-0700][gc,marking    ] GC(1) Concurrent Rebuild Remembered Sets 0.075ms
[2021-05-30T16:22:54.922-0700][gc,start      ] GC(1) Pause Cleanup
[2021-05-30T16:22:54.922-0700][gc            ] GC(1) Pause Cleanup 7M->7M(1024M) 0.139ms
[2021-05-30T16:22:54.922-0700][gc,cpu        ] GC(1) User=0.00s Sys=0.00s Real=0.00s
[2021-05-30T16:22:54.922-0700][gc,marking    ] GC(1) Concurrent Cleanup for Next Mark
[2021-05-30T16:22:54.930-0700][gc,marking    ] GC(1) Concurrent Cleanup for Next Mark 7.834ms
[2021-05-30T16:22:54.930-0700][gc            ] GC(1) Concurrent Cycle 16.330ms
[2021-05-30T16:22:55.717-0700][gc,start      ] GC(2) Pause Young (Normal) (G1 Evacuation Pause)
[2021-05-30T16:22:55.717-0700][gc,task       ] GC(2) Using 4 workers of 4 for evacuation
[2021-05-30T16:22:55.727-0700][gc,phases     ] GC(2)   Pre Evacuate Collection Set: 0.0ms
[2021-05-30T16:22:55.727-0700][gc,phases     ] GC(2)   Evacuate Collection Set: 9.4ms
[2021-05-30T16:22:55.727-0700][gc,phases     ] GC(2)   Post Evacuate Collection Set: 0.5ms
[2021-05-30T16:22:55.727-0700][gc,phases     ] GC(2)   Other: 0.2ms
[2021-05-30T16:22:55.727-0700][gc,heap       ] GC(2) Eden regions: 44->0(48)
[2021-05-30T16:22:55.727-0700][gc,heap       ] GC(2) Survivor regions: 7->3(7)
[2021-05-30T16:22:55.727-0700][gc,heap       ] GC(2) Old regions: 0->7
[2021-05-30T16:22:55.727-0700][gc,heap       ] GC(2) Humongous regions: 129->129
[2021-05-30T16:22:55.727-0700][gc,metaspace  ] GC(2) Metaspace: 30771K->30771K(1077248K)
[2021-05-30T16:22:55.727-0700][gc            ] GC(2) Pause Young (Normal) (G1 Evacuation Pause) 179M->138M(1024M) 10.236ms
[2021-05-30T16:22:55.727-0700][gc,cpu        ] GC(2) User=0.03s Sys=0.00s Real=0.01s
[2021-05-30T16:22:55.988-0700][gc,start      ] GC(3) Pause Young (Concurrent Start) (Metadata GC Threshold)
[2021-05-30T16:22:55.988-0700][gc,task       ] GC(3) Using 4 workers of 4 for evacuation
[2021-05-30T16:22:55.993-0700][gc,phases     ] GC(3)   Pre Evacuate Collection Set: 0.1ms
[2021-05-30T16:22:55.993-0700][gc,phases     ] GC(3)   Evacuate Collection Set: 3.8ms
[2021-05-30T16:22:55.993-0700][gc,phases     ] GC(3)   Post Evacuate Collection Set: 0.2ms
[2021-05-30T16:22:55.993-0700][gc,phases     ] GC(3)   Other: 0.2ms
[2021-05-30T16:22:55.993-0700][gc,heap       ] GC(3) Eden regions: 21->0(47)
[2021-05-30T16:22:55.993-0700][gc,heap       ] GC(3) Survivor regions: 3->4(7)
[2021-05-30T16:22:55.993-0700][gc,heap       ] GC(3) Old regions: 7->7
[2021-05-30T16:22:55.993-0700][gc,heap       ] GC(3) Humongous regions: 129->129
[2021-05-30T16:22:55.993-0700][gc,metaspace  ] GC(3) Metaspace: 34773K->34773K(1081344K)
[2021-05-30T16:22:55.993-0700][gc            ] GC(3) Pause Young (Concurrent Start) (Metadata GC Threshold) 159M->138M(1024M) 4.421ms
[2021-05-30T16:22:55.993-0700][gc,cpu        ] GC(3) User=0.02s Sys=0.00s Real=0.01s
[2021-05-30T16:22:55.993-0700][gc            ] GC(4) Concurrent Cycle
[2021-05-30T16:22:55.993-0700][gc,marking    ] GC(4) Concurrent Clear Claimed Marks
[2021-05-30T16:22:55.993-0700][gc,marking    ] GC(4) Concurrent Clear Claimed Marks 0.051ms
[2021-05-30T16:22:55.993-0700][gc,marking    ] GC(4) Concurrent Scan Root Regions
[2021-05-30T16:22:55.996-0700][gc,marking    ] GC(4) Concurrent Scan Root Regions 3.293ms
[2021-05-30T16:22:55.996-0700][gc,marking    ] GC(4) Concurrent Mark (2.139s)
[2021-05-30T16:22:55.996-0700][gc,marking    ] GC(4) Concurrent Mark From Roots
[2021-05-30T16:22:55.996-0700][gc,task       ] GC(4) Using 1 workers of 1 for marking
[2021-05-30T16:22:56.007-0700][gc,marking    ] GC(4) Concurrent Mark From Roots 11.263ms
[2021-05-30T16:22:56.008-0700][gc,marking    ] GC(4) Concurrent Preclean
[2021-05-30T16:22:56.008-0700][gc,marking    ] GC(4) Concurrent Preclean 0.079ms
[2021-05-30T16:22:56.008-0700][gc,marking    ] GC(4) Concurrent Mark (2.139s, 2.150s) 11.429ms
[2021-05-30T16:22:56.008-0700][gc,start      ] GC(4) Pause Remark
[2021-05-30T16:22:56.011-0700][gc,stringtable] GC(4) Cleaned string and symbol table, strings: 11442 processed, 10 removed, symbols: 93938 processed, 29 removed
[2021-05-30T16:22:56.011-0700][gc            ] GC(4) Pause Remark 139M->139M(1024M) 3.560ms
[2021-05-30T16:22:56.011-0700][gc,cpu        ] GC(4) User=0.01s Sys=0.01s Real=0.01s
[2021-05-30T16:22:56.011-0700][gc,marking    ] GC(4) Concurrent Rebuild Remembered Sets
[2021-05-30T16:22:56.018-0700][gc,marking    ] GC(4) Concurrent Rebuild Remembered Sets 6.739ms
[2021-05-30T16:22:56.018-0700][gc,start      ] GC(4) Pause Cleanup
[2021-05-30T16:22:56.018-0700][gc            ] GC(4) Pause Cleanup 140M->140M(1024M) 0.110ms
[2021-05-30T16:22:56.019-0700][gc,cpu        ] GC(4) User=0.00s Sys=0.00s Real=0.00s
[2021-05-30T16:22:56.019-0700][gc,marking    ] GC(4) Concurrent Cleanup for Next Mark
[2021-05-30T16:22:56.030-0700][gc,marking    ] GC(4) Concurrent Cleanup for Next Mark 11.522ms
[2021-05-30T16:22:56.030-0700][gc            ] GC(4) Concurrent Cycle 37.349ms
[2021-05-30T16:23:42.867-0700][gc,start      ] GC(5) Pause Young (Normal) (G1 Evacuation Pause)
[2021-05-30T16:23:42.867-0700][gc,task       ] GC(5) Using 4 workers of 4 for evacuation
[2021-05-30T16:23:42.874-0700][gc,phases     ] GC(5)   Pre Evacuate Collection Set: 0.0ms
[2021-05-30T16:23:42.874-0700][gc,phases     ] GC(5)   Evacuate Collection Set: 6.2ms
[2021-05-30T16:23:42.874-0700][gc,phases     ] GC(5)   Post Evacuate Collection Set: 0.4ms
[2021-05-30T16:23:42.874-0700][gc,phases     ] GC(5)   Other: 0.1ms
[2021-05-30T16:23:42.874-0700][gc,heap       ] GC(5) Eden regions: 47->0(45)
[2021-05-30T16:23:42.874-0700][gc,heap       ] GC(5) Survivor regions: 4->6(7)
[2021-05-30T16:23:42.874-0700][gc,heap       ] GC(5) Old regions: 7->7
[2021-05-30T16:23:42.874-0700][gc,heap       ] GC(5) Humongous regions: 129->129
[2021-05-30T16:23:42.874-0700][gc,metaspace  ] GC(5) Metaspace: 43691K->43691K(1089536K)
[2021-05-30T16:23:42.874-0700][gc            ] GC(5) Pause Young (Normal) (G1 Evacuation Pause) 185M->141M(1024M) 6.941ms
[2021-05-30T16:23:42.874-0700][gc,cpu        ] GC(5) User=0.03s Sys=0.00s Real=0.01s
[2021-05-30T16:23:46.687-0700][gc,heap,exit  ] Heap
[2021-05-30T16:23:46.687-0700][gc,heap,exit  ]  garbage-first heap   total 1048576K, used 150961K [0x00000007c0000000, 0x0000000800000000)
[2021-05-30T16:23:46.687-0700][gc,heap,exit  ]   region size 1024K, 13 young (13312K), 6 survivors (6144K)
[2021-05-30T16:23:46.687-0700][gc,heap,exit  ]  Metaspace       used 43944K, capacity 45542K, committed 45872K, reserved 1089536K
[2021-05-30T16:23:46.687-0700][gc,heap,exit  ]   class space    used 5441K, capacity 6157K, committed 6272K, reserved 1048576K
