[2021-05-30T16:26:25.161-0700][gc,heap] Heap region size: 1M
[2021-05-30T16:26:25.169-0700][gc     ] Using G1
[2021-05-30T16:26:25.169-0700][gc,heap,coops] Heap address: 0x00000007c0000000, size: 1024 MB, Compressed Oops mode: Zero based, Oop shift amount: 3
[2021-05-30T16:26:26.241-0700][gc,start     ] GC(0) Pause Young (Concurrent Start) (Metadata GC Threshold)
[2021-05-30T16:26:26.241-0700][gc,task      ] GC(0) Using 4 workers of 4 for evacuation
[2021-05-30T16:26:26.250-0700][gc,phases    ] GC(0)   Pre Evacuate Collection Set: 0.0ms
[2021-05-30T16:26:26.250-0700][gc,phases    ] GC(0)   Evacuate Collection Set: 8.1ms
[2021-05-30T16:26:26.250-0700][gc,phases    ] GC(0)   Post Evacuate Collection Set: 0.4ms
[2021-05-30T16:26:26.250-0700][gc,phases    ] GC(0)   Other: 0.4ms
[2021-05-30T16:26:26.250-0700][gc,heap      ] GC(0) Eden regions: 41->0(44)
[2021-05-30T16:26:26.250-0700][gc,heap      ] GC(0) Survivor regions: 0->7(7)
[2021-05-30T16:26:26.250-0700][gc,heap      ] GC(0) Old regions: 0->0
[2021-05-30T16:26:26.250-0700][gc,heap      ] GC(0) Humongous regions: 0->0
[2021-05-30T16:26:26.250-0700][gc,metaspace ] GC(0) Metaspace: 20788K->20788K(1069056K)
[2021-05-30T16:26:26.250-0700][gc           ] GC(0) Pause Young (Concurrent Start) (Metadata GC Threshold) 41M->6M(1024M) 9.109ms
[2021-05-30T16:26:26.250-0700][gc,cpu       ] GC(0) User=0.02s Sys=0.00s Real=0.01s
[2021-05-30T16:26:26.250-0700][gc           ] GC(1) Concurrent Cycle
[2021-05-30T16:26:26.250-0700][gc,marking   ] GC(1) Concurrent Clear Claimed Marks
[2021-05-30T16:26:26.250-0700][gc,marking   ] GC(1) Concurrent Clear Claimed Marks 0.031ms
[2021-05-30T16:26:26.250-0700][gc,marking   ] GC(1) Concurrent Scan Root Regions
[2021-05-30T16:26:26.254-0700][gc,marking   ] GC(1) Concurrent Scan Root Regions 3.685ms
[2021-05-30T16:26:26.254-0700][gc,marking   ] GC(1) Concurrent Mark (1.102s)
[2021-05-30T16:26:26.254-0700][gc,marking   ] GC(1) Concurrent Mark From Roots
[2021-05-30T16:26:26.254-0700][gc,task      ] GC(1) Using 1 workers of 1 for marking
[2021-05-30T16:26:26.254-0700][gc,marking   ] GC(1) Concurrent Mark From Roots 0.163ms
[2021-05-30T16:26:26.254-0700][gc,marking   ] GC(1) Concurrent Preclean
[2021-05-30T16:26:26.254-0700][gc,marking   ] GC(1) Concurrent Preclean 0.035ms
[2021-05-30T16:26:26.254-0700][gc,marking   ] GC(1) Concurrent Mark (1.102s, 1.103s) 0.258ms
[2021-05-30T16:26:26.254-0700][gc,start     ] GC(1) Pause Remark
[2021-05-30T16:26:26.257-0700][gc,stringtable] GC(1) Cleaned string and symbol table, strings: 7403 processed, 0 removed, symbols: 64321 processed, 37 removed
[2021-05-30T16:26:26.258-0700][gc            ] GC(1) Pause Remark 7M->7M(1024M) 3.072ms
[2021-05-30T16:26:26.258-0700][gc,cpu        ] GC(1) User=0.01s Sys=0.00s Real=0.00s
[2021-05-30T16:26:26.258-0700][gc,marking    ] GC(1) Concurrent Rebuild Remembered Sets
[2021-05-30T16:26:26.258-0700][gc,marking    ] GC(1) Concurrent Rebuild Remembered Sets 0.122ms
[2021-05-30T16:26:26.258-0700][gc,start      ] GC(1) Pause Cleanup
[2021-05-30T16:26:26.258-0700][gc            ] GC(1) Pause Cleanup 7M->7M(1024M) 0.109ms
[2021-05-30T16:26:26.258-0700][gc,cpu        ] GC(1) User=0.00s Sys=0.00s Real=0.00s
[2021-05-30T16:26:26.258-0700][gc,marking    ] GC(1) Concurrent Cleanup for Next Mark
[2021-05-30T16:26:26.267-0700][gc,marking    ] GC(1) Concurrent Cleanup for Next Mark 9.278ms
[2021-05-30T16:26:26.267-0700][gc            ] GC(1) Concurrent Cycle 17.111ms
[2021-05-30T16:26:27.130-0700][gc,start      ] GC(2) Pause Young (Normal) (G1 Evacuation Pause)
[2021-05-30T16:26:27.130-0700][gc,task       ] GC(2) Using 4 workers of 4 for evacuation
[2021-05-30T16:26:27.142-0700][gc,phases     ] GC(2)   Pre Evacuate Collection Set: 0.0ms
[2021-05-30T16:26:27.142-0700][gc,phases     ] GC(2)   Evacuate Collection Set: 10.7ms
[2021-05-30T16:26:27.142-0700][gc,phases     ] GC(2)   Post Evacuate Collection Set: 0.5ms
[2021-05-30T16:26:27.142-0700][gc,phases     ] GC(2)   Other: 0.2ms
[2021-05-30T16:26:27.142-0700][gc,heap       ] GC(2) Eden regions: 44->0(48)
[2021-05-30T16:26:27.142-0700][gc,heap       ] GC(2) Survivor regions: 7->3(7)
[2021-05-30T16:26:27.142-0700][gc,heap       ] GC(2) Old regions: 0->7
[2021-05-30T16:26:27.142-0700][gc,heap       ] GC(2) Humongous regions: 129->129
[2021-05-30T16:26:27.142-0700][gc,metaspace  ] GC(2) Metaspace: 30762K->30762K(1077248K)
[2021-05-30T16:26:27.142-0700][gc            ] GC(2) Pause Young (Normal) (G1 Evacuation Pause) 179M->137M(1024M) 11.618ms
[2021-05-30T16:26:27.142-0700][gc,cpu        ] GC(2) User=0.02s Sys=0.00s Real=0.01s
[2021-05-30T16:26:27.435-0700][gc,start      ] GC(3) Pause Young (Concurrent Start) (Metadata GC Threshold)
[2021-05-30T16:26:27.435-0700][gc,task       ] GC(3) Using 4 workers of 4 for evacuation
[2021-05-30T16:26:27.440-0700][gc,phases     ] GC(3)   Pre Evacuate Collection Set: 0.1ms
[2021-05-30T16:26:27.440-0700][gc,phases     ] GC(3)   Evacuate Collection Set: 4.2ms
[2021-05-30T16:26:27.440-0700][gc,phases     ] GC(3)   Post Evacuate Collection Set: 0.2ms
[2021-05-30T16:26:27.440-0700][gc,phases     ] GC(3)   Other: 0.2ms
[2021-05-30T16:26:27.440-0700][gc,heap       ] GC(3) Eden regions: 21->0(47)
[2021-05-30T16:26:27.440-0700][gc,heap       ] GC(3) Survivor regions: 3->4(7)
[2021-05-30T16:26:27.440-0700][gc,heap       ] GC(3) Old regions: 7->7
[2021-05-30T16:26:27.440-0700][gc,heap       ] GC(3) Humongous regions: 129->129
[2021-05-30T16:26:27.440-0700][gc,metaspace  ] GC(3) Metaspace: 34780K->34780K(1081344K)
[2021-05-30T16:26:27.440-0700][gc            ] GC(3) Pause Young (Concurrent Start) (Metadata GC Threshold) 158M->138M(1024M) 4.781ms
[2021-05-30T16:26:27.440-0700][gc,cpu        ] GC(3) User=0.02s Sys=0.00s Real=0.01s
[2021-05-30T16:26:27.440-0700][gc            ] GC(4) Concurrent Cycle
[2021-05-30T16:26:27.440-0700][gc,marking    ] GC(4) Concurrent Clear Claimed Marks
[2021-05-30T16:26:27.440-0700][gc,marking    ] GC(4) Concurrent Clear Claimed Marks 0.055ms
[2021-05-30T16:26:27.440-0700][gc,marking    ] GC(4) Concurrent Scan Root Regions
[2021-05-30T16:26:27.444-0700][gc,marking    ] GC(4) Concurrent Scan Root Regions 3.459ms
[2021-05-30T16:26:27.444-0700][gc,marking    ] GC(4) Concurrent Mark (2.292s)
[2021-05-30T16:26:27.444-0700][gc,marking    ] GC(4) Concurrent Mark From Roots
[2021-05-30T16:26:27.444-0700][gc,task       ] GC(4) Using 1 workers of 1 for marking
[2021-05-30T16:26:27.455-0700][gc,marking    ] GC(4) Concurrent Mark From Roots 10.770ms
[2021-05-30T16:26:27.455-0700][gc,marking    ] GC(4) Concurrent Preclean
[2021-05-30T16:26:27.455-0700][gc,marking    ] GC(4) Concurrent Preclean 0.079ms
[2021-05-30T16:26:27.455-0700][gc,marking    ] GC(4) Concurrent Mark (2.292s, 2.303s) 10.931ms
[2021-05-30T16:26:27.455-0700][gc,start      ] GC(4) Pause Remark
[2021-05-30T16:26:27.460-0700][gc,stringtable] GC(4) Cleaned string and symbol table, strings: 11536 processed, 10 removed, symbols: 93937 processed, 29 removed
[2021-05-30T16:26:27.460-0700][gc            ] GC(4) Pause Remark 140M->140M(1024M) 4.595ms
[2021-05-30T16:26:27.460-0700][gc,cpu        ] GC(4) User=0.01s Sys=0.00s Real=0.01s
[2021-05-30T16:26:27.460-0700][gc,marking    ] GC(4) Concurrent Rebuild Remembered Sets
[2021-05-30T16:26:27.467-0700][gc,marking    ] GC(4) Concurrent Rebuild Remembered Sets 6.948ms
[2021-05-30T16:26:27.467-0700][gc,start      ] GC(4) Pause Cleanup
[2021-05-30T16:26:27.467-0700][gc            ] GC(4) Pause Cleanup 140M->140M(1024M) 0.118ms
[2021-05-30T16:26:27.467-0700][gc,cpu        ] GC(4) User=0.00s Sys=0.00s Real=0.00s
[2021-05-30T16:26:27.467-0700][gc,marking    ] GC(4) Concurrent Cleanup for Next Mark
[2021-05-30T16:26:27.507-0700][gc,marking    ] GC(4) Concurrent Cleanup for Next Mark 39.668ms
[2021-05-30T16:26:27.507-0700][gc            ] GC(4) Concurrent Cycle 66.994ms
[2021-05-30T16:28:15.929-0700][gc,start      ] GC(5) Pause Young (Normal) (G1 Evacuation Pause)
[2021-05-30T16:28:15.930-0700][gc,task       ] GC(5) Using 4 workers of 4 for evacuation
[2021-05-30T16:28:15.940-0700][gc,phases     ] GC(5)   Pre Evacuate Collection Set: 0.0ms
[2021-05-30T16:28:15.940-0700][gc,phases     ] GC(5)   Evacuate Collection Set: 9.2ms
[2021-05-30T16:28:15.940-0700][gc,phases     ] GC(5)   Post Evacuate Collection Set: 0.5ms
[2021-05-30T16:28:15.940-0700][gc,phases     ] GC(5)   Other: 0.5ms
[2021-05-30T16:28:15.940-0700][gc,heap       ] GC(5) Eden regions: 47->0(44)
[2021-05-30T16:28:15.940-0700][gc,heap       ] GC(5) Survivor regions: 4->7(7)
[2021-05-30T16:28:15.940-0700][gc,heap       ] GC(5) Old regions: 7->7
[2021-05-30T16:28:15.940-0700][gc,heap       ] GC(5) Humongous regions: 129->129
[2021-05-30T16:28:15.940-0700][gc,metaspace  ] GC(5) Metaspace: 44182K->44182K(1089536K)
[2021-05-30T16:28:15.940-0700][gc            ] GC(5) Pause Young (Normal) (G1 Evacuation Pause) 185M->141M(1024M) 10.493ms
[2021-05-30T16:28:15.940-0700][gc,cpu        ] GC(5) User=0.02s Sys=0.00s Real=0.02s
[2021-05-30T16:32:19.488-0700][gc,start      ] GC(6) Pause Young (Normal) (G1 Evacuation Pause)
[2021-05-30T16:32:19.490-0700][gc,task       ] GC(6) Using 4 workers of 4 for evacuation
[2021-05-30T16:32:19.506-0700][gc,phases     ] GC(6)   Pre Evacuate Collection Set: 0.0ms
[2021-05-30T16:32:19.506-0700][gc,phases     ] GC(6)   Evacuate Collection Set: 14.8ms
[2021-05-30T16:32:19.506-0700][gc,phases     ] GC(6)   Post Evacuate Collection Set: 0.5ms
[2021-05-30T16:32:19.506-0700][gc,phases     ] GC(6)   Other: 2.1ms
[2021-05-30T16:32:19.506-0700][gc,heap       ] GC(6) Eden regions: 44->0(45)
[2021-05-30T16:32:19.506-0700][gc,heap       ] GC(6) Survivor regions: 7->6(7)
[2021-05-30T16:32:19.506-0700][gc,heap       ] GC(6) Old regions: 7->10
[2021-05-30T16:32:19.506-0700][gc,heap       ] GC(6) Humongous regions: 129->129
[2021-05-30T16:32:19.506-0700][gc,metaspace  ] GC(6) Metaspace: 48489K->48489K(1093632K)
[2021-05-30T16:32:19.506-0700][gc            ] GC(6) Pause Young (Normal) (G1 Evacuation Pause) 185M->144M(1024M) 17.540ms
[2021-05-30T16:32:19.506-0700][gc,cpu        ] GC(6) User=0.05s Sys=0.01s Real=0.02s
[2021-05-30T16:38:04.983-0700][gc,start      ] GC(7) Pause Young (Normal) (G1 Evacuation Pause)
[2021-05-30T16:38:04.984-0700][gc,task       ] GC(7) Using 4 workers of 4 for evacuation
[2021-05-30T16:38:04.993-0700][gc,phases     ] GC(7)   Pre Evacuate Collection Set: 0.1ms
[2021-05-30T16:38:04.993-0700][gc,phases     ] GC(7)   Evacuate Collection Set: 8.3ms
[2021-05-30T16:38:04.993-0700][gc,phases     ] GC(7)   Post Evacuate Collection Set: 0.4ms
[2021-05-30T16:38:04.993-0700][gc,phases     ] GC(7)   Other: 1.9ms
[2021-05-30T16:38:04.993-0700][gc,heap       ] GC(7) Eden regions: 45->0(47)
[2021-05-30T16:38:04.993-0700][gc,heap       ] GC(7) Survivor regions: 6->4(7)
[2021-05-30T16:38:04.993-0700][gc,heap       ] GC(7) Old regions: 10->13
[2021-05-30T16:38:04.993-0700][gc,heap       ] GC(7) Humongous regions: 129->129
[2021-05-30T16:38:04.993-0700][gc,metaspace  ] GC(7) Metaspace: 48559K->48559K(1093632K)
[2021-05-30T16:38:04.993-0700][gc            ] GC(7) Pause Young (Normal) (G1 Evacuation Pause) 189M->145M(1024M) 10.814ms
[2021-05-30T16:38:04.993-0700][gc,cpu        ] GC(7) User=0.03s Sys=0.01s Real=0.01s
[2021-05-30T16:44:43.549-0700][gc,start      ] GC(8) Pause Young (Normal) (G1 Evacuation Pause)
[2021-05-30T16:44:43.550-0700][gc,task       ] GC(8) Using 4 workers of 4 for evacuation
[2021-05-30T16:44:43.559-0700][gc,phases     ] GC(8)   Pre Evacuate Collection Set: 0.0ms
[2021-05-30T16:44:43.559-0700][gc,phases     ] GC(8)   Evacuate Collection Set: 8.4ms
[2021-05-30T16:44:43.559-0700][gc,phases     ] GC(8)   Post Evacuate Collection Set: 0.4ms
[2021-05-30T16:44:43.559-0700][gc,phases     ] GC(8)   Other: 2.1ms
[2021-05-30T16:44:43.559-0700][gc,heap       ] GC(8) Eden regions: 47->0(47)
[2021-05-30T16:44:43.560-0700][gc,heap       ] GC(8) Survivor regions: 4->4(7)
[2021-05-30T16:44:43.560-0700][gc,heap       ] GC(8) Old regions: 13->13
[2021-05-30T16:44:43.560-0700][gc,heap       ] GC(8) Humongous regions: 129->129
[2021-05-30T16:44:43.560-0700][gc,metaspace  ] GC(8) Metaspace: 48586K->48586K(1093632K)
[2021-05-30T16:44:43.560-0700][gc            ] GC(8) Pause Young (Normal) (G1 Evacuation Pause) 192M->145M(1024M) 11.052ms
[2021-05-30T16:44:43.560-0700][gc,cpu        ] GC(8) User=0.03s Sys=0.01s Real=0.02s
[2021-05-30T16:46:01.292-0700][gc,heap,exit  ] Heap
[2021-05-30T16:46:01.293-0700][gc,heap,exit  ]  garbage-first heap   total 1048576K, used 168438K [0x00000007c0000000, 0x0000000800000000)
[2021-05-30T16:46:01.293-0700][gc,heap,exit  ]   region size 1024K, 24 young (24576K), 4 survivors (4096K)
[2021-05-30T16:46:01.293-0700][gc,heap,exit  ]  Metaspace       used 49565K, capacity 51999K, committed 52144K, reserved 1093632K
[2021-05-30T16:46:01.293-0700][gc,heap,exit  ]   class space    used 6303K, capacity 7413K, committed 7424K, reserved 1048576K
