[2021-05-30T16:25:45.706-0700][gc,heap] Heap region size: 1M
[2021-05-30T16:25:45.715-0700][gc     ] Using G1
[2021-05-30T16:25:45.715-0700][gc,heap,coops] Heap address: 0x00000007c0000000, size: 1024 MB, Compressed Oops mode: Zero based, Oop shift amount: 3
[2021-05-30T16:25:46.961-0700][gc,start     ] GC(0) Pause Young (Concurrent Start) (Metadata GC Threshold)
[2021-05-30T16:25:46.961-0700][gc,task      ] GC(0) Using 4 workers of 4 for evacuation
[2021-05-30T16:25:46.971-0700][gc,phases    ] GC(0)   Pre Evacuate Collection Set: 0.1ms
[2021-05-30T16:25:46.971-0700][gc,phases    ] GC(0)   Evacuate Collection Set: 9.1ms
[2021-05-30T16:25:46.971-0700][gc,phases    ] GC(0)   Post Evacuate Collection Set: 0.4ms
[2021-05-30T16:25:46.971-0700][gc,phases    ] GC(0)   Other: 0.5ms
[2021-05-30T16:25:46.971-0700][gc,heap      ] GC(0) Eden regions: 42->0(44)
[2021-05-30T16:25:46.971-0700][gc,heap      ] GC(0) Survivor regions: 0->7(7)
[2021-05-30T16:25:46.971-0700][gc,heap      ] GC(0) Old regions: 0->0
[2021-05-30T16:25:46.971-0700][gc,heap      ] GC(0) Humongous regions: 0->0
[2021-05-30T16:25:46.971-0700][gc,metaspace ] GC(0) Metaspace: 20790K->20790K(1069056K)
[2021-05-30T16:25:46.971-0700][gc           ] GC(0) Pause Young (Concurrent Start) (Metadata GC Threshold) 41M->6M(1024M) 10.158ms
[2021-05-30T16:25:46.971-0700][gc,cpu       ] GC(0) User=0.02s Sys=0.00s Real=0.01s
[2021-05-30T16:25:46.971-0700][gc           ] GC(1) Concurrent Cycle
[2021-05-30T16:25:46.971-0700][gc,marking   ] GC(1) Concurrent Clear Claimed Marks
[2021-05-30T16:25:46.971-0700][gc,marking   ] GC(1) Concurrent Clear Claimed Marks 0.031ms
[2021-05-30T16:25:46.971-0700][gc,marking   ] GC(1) Concurrent Scan Root Regions
[2021-05-30T16:25:46.974-0700][gc,marking   ] GC(1) Concurrent Scan Root Regions 2.811ms
[2021-05-30T16:25:46.974-0700][gc,marking   ] GC(1) Concurrent Mark (1.278s)
[2021-05-30T16:25:46.974-0700][gc,marking   ] GC(1) Concurrent Mark From Roots
[2021-05-30T16:25:46.974-0700][gc,task      ] GC(1) Using 1 workers of 1 for marking
[2021-05-30T16:25:46.974-0700][gc,marking   ] GC(1) Concurrent Mark From Roots 0.136ms
[2021-05-30T16:25:46.974-0700][gc,marking   ] GC(1) Concurrent Preclean
[2021-05-30T16:25:46.974-0700][gc,marking   ] GC(1) Concurrent Preclean 0.026ms
[2021-05-30T16:25:46.974-0700][gc,marking   ] GC(1) Concurrent Mark (1.278s, 1.278s) 0.200ms
[2021-05-30T16:25:46.974-0700][gc,start     ] GC(1) Pause Remark
[2021-05-30T16:25:46.977-0700][gc,stringtable] GC(1) Cleaned string and symbol table, strings: 7430 processed, 0 removed, symbols: 64344 processed, 40 removed
[2021-05-30T16:25:46.977-0700][gc            ] GC(1) Pause Remark 7M->7M(1024M) 2.588ms
[2021-05-30T16:25:46.977-0700][gc,cpu        ] GC(1) User=0.01s Sys=0.00s Real=0.00s
[2021-05-30T16:25:46.977-0700][gc,marking    ] GC(1) Concurrent Rebuild Remembered Sets
[2021-05-30T16:25:46.977-0700][gc,marking    ] GC(1) Concurrent Rebuild Remembered Sets 0.051ms
[2021-05-30T16:25:46.977-0700][gc,start      ] GC(1) Pause Cleanup
[2021-05-30T16:25:46.977-0700][gc            ] GC(1) Pause Cleanup 7M->7M(1024M) 0.162ms
[2021-05-30T16:25:46.977-0700][gc,cpu        ] GC(1) User=0.00s Sys=0.00s Real=0.00s
[2021-05-30T16:25:46.977-0700][gc,marking    ] GC(1) Concurrent Cleanup for Next Mark
[2021-05-30T16:25:46.986-0700][gc,marking    ] GC(1) Concurrent Cleanup for Next Mark 8.933ms
[2021-05-30T16:25:46.986-0700][gc            ] GC(1) Concurrent Cycle 15.254ms
[2021-05-30T16:25:48.185-0700][gc,start      ] GC(2) Pause Young (Normal) (G1 Evacuation Pause)
[2021-05-30T16:25:48.185-0700][gc,task       ] GC(2) Using 4 workers of 4 for evacuation
[2021-05-30T16:25:48.193-0700][gc,phases     ] GC(2)   Pre Evacuate Collection Set: 0.0ms
[2021-05-30T16:25:48.193-0700][gc,phases     ] GC(2)   Evacuate Collection Set: 7.6ms
[2021-05-30T16:25:48.193-0700][gc,phases     ] GC(2)   Post Evacuate Collection Set: 0.5ms
[2021-05-30T16:25:48.193-0700][gc,phases     ] GC(2)   Other: 0.2ms
[2021-05-30T16:25:48.193-0700][gc,heap       ] GC(2) Eden regions: 44->0(49)
[2021-05-30T16:25:48.193-0700][gc,heap       ] GC(2) Survivor regions: 7->2(7)
[2021-05-30T16:25:48.193-0700][gc,heap       ] GC(2) Old regions: 0->7
[2021-05-30T16:25:48.193-0700][gc,heap       ] GC(2) Humongous regions: 0->0
[2021-05-30T16:25:48.193-0700][gc,metaspace  ] GC(2) Metaspace: 30577K->30577K(1077248K)
[2021-05-30T16:25:48.193-0700][gc            ] GC(2) Pause Young (Normal) (G1 Evacuation Pause) 50M->8M(1024M) 8.441ms
[2021-05-30T16:25:48.193-0700][gc,cpu        ] GC(2) User=0.02s Sys=0.01s Real=0.01s
[2021-05-30T16:25:48.844-0700][gc,start      ] GC(3) Pause Young (Concurrent Start) (Metadata GC Threshold)
[2021-05-30T16:25:48.844-0700][gc,task       ] GC(3) Using 4 workers of 4 for evacuation
[2021-05-30T16:25:48.848-0700][gc,phases     ] GC(3)   Pre Evacuate Collection Set: 0.1ms
[2021-05-30T16:25:48.848-0700][gc,phases     ] GC(3)   Evacuate Collection Set: 3.2ms
[2021-05-30T16:25:48.848-0700][gc,phases     ] GC(3)   Post Evacuate Collection Set: 0.3ms
[2021-05-30T16:25:48.848-0700][gc,phases     ] GC(3)   Other: 0.2ms
[2021-05-30T16:25:48.848-0700][gc,heap       ] GC(3) Eden regions: 24->0(48)
[2021-05-30T16:25:48.848-0700][gc,heap       ] GC(3) Survivor regions: 2->3(7)
[2021-05-30T16:25:48.848-0700][gc,heap       ] GC(3) Old regions: 7->7
[2021-05-30T16:25:48.848-0700][gc,heap       ] GC(3) Humongous regions: 129->129
[2021-05-30T16:25:48.848-0700][gc,metaspace  ] GC(3) Metaspace: 34797K->34797K(1081344K)
[2021-05-30T16:25:48.848-0700][gc            ] GC(3) Pause Young (Concurrent Start) (Metadata GC Threshold) 161M->138M(1024M) 3.928ms
[2021-05-30T16:25:48.848-0700][gc,cpu        ] GC(3) User=0.01s Sys=0.00s Real=0.00s
[2021-05-30T16:25:48.848-0700][gc            ] GC(4) Concurrent Cycle
[2021-05-30T16:25:48.848-0700][gc,marking    ] GC(4) Concurrent Clear Claimed Marks
[2021-05-30T16:25:48.848-0700][gc,marking    ] GC(4) Concurrent Clear Claimed Marks 0.051ms
[2021-05-30T16:25:48.848-0700][gc,marking    ] GC(4) Concurrent Scan Root Regions
[2021-05-30T16:25:48.851-0700][gc,marking    ] GC(4) Concurrent Scan Root Regions 2.964ms
[2021-05-30T16:25:48.851-0700][gc,marking    ] GC(4) Concurrent Mark (3.155s)
[2021-05-30T16:25:48.851-0700][gc,marking    ] GC(4) Concurrent Mark From Roots
[2021-05-30T16:25:48.851-0700][gc,task       ] GC(4) Using 1 workers of 1 for marking
[2021-05-30T16:25:48.860-0700][gc,marking    ] GC(4) Concurrent Mark From Roots 9.370ms
[2021-05-30T16:25:48.860-0700][gc,marking    ] GC(4) Concurrent Preclean
[2021-05-30T16:25:48.860-0700][gc,marking    ] GC(4) Concurrent Preclean 0.069ms
[2021-05-30T16:25:48.860-0700][gc,marking    ] GC(4) Concurrent Mark (3.155s, 3.164s) 9.527ms
[2021-05-30T16:25:48.861-0700][gc,start      ] GC(4) Pause Remark
[2021-05-30T16:25:48.866-0700][gc,stringtable] GC(4) Cleaned string and symbol table, strings: 11063 processed, 10 removed, symbols: 95283 processed, 28 removed
[2021-05-30T16:25:48.866-0700][gc            ] GC(4) Pause Remark 139M->139M(1024M) 5.878ms
[2021-05-30T16:25:48.866-0700][gc,cpu        ] GC(4) User=0.01s Sys=0.00s Real=0.00s
[2021-05-30T16:25:48.867-0700][gc,marking    ] GC(4) Concurrent Rebuild Remembered Sets
[2021-05-30T16:25:48.873-0700][gc,marking    ] GC(4) Concurrent Rebuild Remembered Sets 6.211ms
[2021-05-30T16:25:48.873-0700][gc,start      ] GC(4) Pause Cleanup
[2021-05-30T16:25:48.873-0700][gc            ] GC(4) Pause Cleanup 140M->140M(1024M) 0.113ms
[2021-05-30T16:25:48.873-0700][gc,cpu        ] GC(4) User=0.00s Sys=0.00s Real=0.00s
[2021-05-30T16:25:48.873-0700][gc,marking    ] GC(4) Concurrent Cleanup for Next Mark
[2021-05-30T16:25:48.883-0700][gc,marking    ] GC(4) Concurrent Cleanup for Next Mark 9.825ms
[2021-05-30T16:25:48.883-0700][gc            ] GC(4) Concurrent Cycle 35.270ms
[2021-05-30T16:25:49.634-0700][gc,start      ] GC(5) Pause Young (Normal) (G1 Evacuation Pause)
[2021-05-30T16:25:49.634-0700][gc,task       ] GC(5) Using 4 workers of 4 for evacuation
[2021-05-30T16:25:49.642-0700][gc,phases     ] GC(5)   Pre Evacuate Collection Set: 0.0ms
[2021-05-30T16:25:49.642-0700][gc,phases     ] GC(5)   Evacuate Collection Set: 7.5ms
[2021-05-30T16:25:49.642-0700][gc,phases     ] GC(5)   Post Evacuate Collection Set: 0.4ms
[2021-05-30T16:25:49.642-0700][gc,phases     ] GC(5)   Other: 0.2ms
[2021-05-30T16:25:49.642-0700][gc,heap       ] GC(5) Eden regions: 48->0(44)
[2021-05-30T16:25:49.642-0700][gc,heap       ] GC(5) Survivor regions: 3->7(7)
[2021-05-30T16:25:49.642-0700][gc,heap       ] GC(5) Old regions: 7->7
[2021-05-30T16:25:49.642-0700][gc,heap       ] GC(5) Humongous regions: 129->129
[2021-05-30T16:25:49.642-0700][gc,metaspace  ] GC(5) Metaspace: 43696K->43696K(1089536K)
[2021-05-30T16:25:49.642-0700][gc            ] GC(5) Pause Young (Normal) (G1 Evacuation Pause) 186M->142M(1024M) 8.171ms
[2021-05-30T16:25:49.642-0700][gc,cpu        ] GC(5) User=0.03s Sys=0.00s Real=0.01s
[2021-05-30T16:29:35.831-0700][gc,start      ] GC(6) Pause Young (Normal) (G1 Evacuation Pause)
[2021-05-30T16:29:35.831-0700][gc,task       ] GC(6) Using 4 workers of 4 for evacuation
[2021-05-30T16:29:35.846-0700][gc,phases     ] GC(6)   Pre Evacuate Collection Set: 0.2ms
[2021-05-30T16:29:35.846-0700][gc,phases     ] GC(6)   Evacuate Collection Set: 13.0ms
[2021-05-30T16:29:35.846-0700][gc,phases     ] GC(6)   Post Evacuate Collection Set: 0.7ms
[2021-05-30T16:29:35.846-0700][gc,phases     ] GC(6)   Other: 0.5ms
[2021-05-30T16:29:35.846-0700][gc,heap       ] GC(6) Eden regions: 44->0(47)
[2021-05-30T16:29:35.846-0700][gc,heap       ] GC(6) Survivor regions: 7->4(7)
[2021-05-30T16:29:35.846-0700][gc,heap       ] GC(6) Old regions: 7->13
[2021-05-30T16:29:35.846-0700][gc,heap       ] GC(6) Humongous regions: 147->129
[2021-05-30T16:29:35.846-0700][gc,metaspace  ] GC(6) Metaspace: 49717K->49717K(1093632K)
[2021-05-30T16:29:35.846-0700][gc            ] GC(6) Pause Young (Normal) (G1 Evacuation Pause) 204M->145M(1024M) 14.486ms
[2021-05-30T16:29:35.846-0700][gc,cpu        ] GC(6) User=0.05s Sys=0.00s Real=0.01s
[2021-05-30T16:34:28.876-0700][gc,start      ] GC(7) Pause Young (Normal) (G1 Evacuation Pause)
[2021-05-30T16:34:28.878-0700][gc,task       ] GC(7) Using 4 workers of 4 for evacuation
[2021-05-30T16:34:28.888-0700][gc,phases     ] GC(7)   Pre Evacuate Collection Set: 0.0ms
[2021-05-30T16:34:28.888-0700][gc,phases     ] GC(7)   Evacuate Collection Set: 9.4ms
[2021-05-30T16:34:28.888-0700][gc,phases     ] GC(7)   Post Evacuate Collection Set: 0.4ms
[2021-05-30T16:34:28.888-0700][gc,phases     ] GC(7)   Other: 2.0ms
[2021-05-30T16:34:28.888-0700][gc,heap       ] GC(7) Eden regions: 47->0(45)
[2021-05-30T16:34:28.888-0700][gc,heap       ] GC(7) Survivor regions: 4->6(7)
[2021-05-30T16:34:28.888-0700][gc,heap       ] GC(7) Old regions: 13->13
[2021-05-30T16:34:28.888-0700][gc,heap       ] GC(7) Humongous regions: 129->129
[2021-05-30T16:34:28.888-0700][gc,metaspace  ] GC(7) Metaspace: 51403K->51403K(1095680K)
[2021-05-30T16:34:28.888-0700][gc            ] GC(7) Pause Young (Normal) (G1 Evacuation Pause) 192M->147M(1024M) 11.937ms
[2021-05-30T16:34:28.888-0700][gc,cpu        ] GC(7) User=0.03s Sys=0.00s Real=0.01s
[2021-05-30T16:40:00.059-0700][gc,start      ] GC(8) Pause Young (Normal) (G1 Evacuation Pause)
[2021-05-30T16:40:00.061-0700][gc,task       ] GC(8) Using 4 workers of 4 for evacuation
[2021-05-30T16:40:00.073-0700][gc,phases     ] GC(8)   Pre Evacuate Collection Set: 0.0ms
[2021-05-30T16:40:00.073-0700][gc,phases     ] GC(8)   Evacuate Collection Set: 11.0ms
[2021-05-30T16:40:00.073-0700][gc,phases     ] GC(8)   Post Evacuate Collection Set: 0.5ms
[2021-05-30T16:40:00.073-0700][gc,phases     ] GC(8)   Other: 2.0ms
[2021-05-30T16:40:00.073-0700][gc,heap       ] GC(8) Eden regions: 45->0(47)
[2021-05-30T16:40:00.073-0700][gc,heap       ] GC(8) Survivor regions: 6->4(7)
[2021-05-30T16:40:00.073-0700][gc,heap       ] GC(8) Old regions: 13->15
[2021-05-30T16:40:00.073-0700][gc,heap       ] GC(8) Humongous regions: 129->129
[2021-05-30T16:40:00.073-0700][gc,metaspace  ] GC(8) Metaspace: 51563K->51563K(1095680K)
[2021-05-30T16:40:00.073-0700][gc            ] GC(8) Pause Young (Normal) (G1 Evacuation Pause) 192M->147M(1024M) 13.616ms
[2021-05-30T16:40:00.073-0700][gc,cpu        ] GC(8) User=0.04s Sys=0.00s Real=0.02s
[2021-05-30T16:45:57.404-0700][gc,start      ] GC(9) Pause Young (Normal) (G1 Evacuation Pause)
[2021-05-30T16:45:57.405-0700][gc,task       ] GC(9) Using 4 workers of 4 for evacuation
[2021-05-30T16:45:57.425-0700][gc,mmu        ] GC(9) MMU target violated: 20.1ms (20.0ms/21.0ms)
[2021-05-30T16:45:57.425-0700][gc,phases     ] GC(9)   Pre Evacuate Collection Set: 0.0ms
[2021-05-30T16:45:57.425-0700][gc,phases     ] GC(9)   Evacuate Collection Set: 18.0ms
[2021-05-30T16:45:57.425-0700][gc,phases     ] GC(9)   Post Evacuate Collection Set: 1.3ms
[2021-05-30T16:45:57.425-0700][gc,phases     ] GC(9)   Other: 1.7ms
[2021-05-30T16:45:57.425-0700][gc,heap       ] GC(9) Eden regions: 47->0(48)
[2021-05-30T16:45:57.425-0700][gc,heap       ] GC(9) Survivor regions: 4->3(7)
[2021-05-30T16:45:57.425-0700][gc,heap       ] GC(9) Old regions: 15->16
[2021-05-30T16:45:57.425-0700][gc,heap       ] GC(9) Humongous regions: 129->129
[2021-05-30T16:45:57.425-0700][gc,metaspace  ] GC(9) Metaspace: 51961K->51961K(1095680K)
[2021-05-30T16:45:57.425-0700][gc            ] GC(9) Pause Young (Normal) (G1 Evacuation Pause) 194M->146M(1024M) 21.223ms
[2021-05-30T16:45:57.425-0700][gc,cpu        ] GC(9) User=0.01s Sys=0.00s Real=0.02s
[2021-05-30T16:52:27.033-0700][gc,start      ] GC(10) Pause Young (Normal) (G1 Evacuation Pause)
[2021-05-30T16:52:27.035-0700][gc,task       ] GC(10) Using 4 workers of 4 for evacuation
[2021-05-30T16:52:27.044-0700][gc,phases     ] GC(10)   Pre Evacuate Collection Set: 0.0ms
[2021-05-30T16:52:27.044-0700][gc,phases     ] GC(10)   Evacuate Collection Set: 8.9ms
[2021-05-30T16:52:27.044-0700][gc,phases     ] GC(10)   Post Evacuate Collection Set: 0.3ms
[2021-05-30T16:52:27.044-0700][gc,phases     ] GC(10)   Other: 2.0ms
[2021-05-30T16:52:27.044-0700][gc,heap       ] GC(10) Eden regions: 48->0(46)
[2021-05-30T16:52:27.044-0700][gc,heap       ] GC(10) Survivor regions: 3->5(7)
[2021-05-30T16:52:27.044-0700][gc,heap       ] GC(10) Old regions: 16->16
[2021-05-30T16:52:27.044-0700][gc,heap       ] GC(10) Humongous regions: 129->129
[2021-05-30T16:52:27.044-0700][gc,metaspace  ] GC(10) Metaspace: 52953K->52953K(1097728K)
[2021-05-30T16:52:27.044-0700][gc            ] GC(10) Pause Young (Normal) (G1 Evacuation Pause) 194M->148M(1024M) 11.303ms
[2021-05-30T16:52:27.044-0700][gc,cpu        ] GC(10) User=0.03s Sys=0.00s Real=0.01s
[2021-05-30T17:00:27.677-0700][gc,start      ] GC(11) Pause Young (Normal) (G1 Evacuation Pause)
[2021-05-30T17:00:27.679-0700][gc,task       ] GC(11) Using 4 workers of 4 for evacuation
[2021-05-30T17:00:27.690-0700][gc,phases     ] GC(11)   Pre Evacuate Collection Set: 0.0ms
[2021-05-30T17:00:27.690-0700][gc,phases     ] GC(11)   Evacuate Collection Set: 10.0ms
[2021-05-30T17:00:27.690-0700][gc,phases     ] GC(11)   Post Evacuate Collection Set: 0.3ms
[2021-05-30T17:00:27.690-0700][gc,phases     ] GC(11)   Other: 2.4ms
[2021-05-30T17:00:27.690-0700][gc,heap       ] GC(11) Eden regions: 46->0(46)
[2021-05-30T17:00:27.690-0700][gc,heap       ] GC(11) Survivor regions: 5->5(7)
[2021-05-30T17:00:27.690-0700][gc,heap       ] GC(11) Old regions: 16->17
[2021-05-30T17:00:27.690-0700][gc,heap       ] GC(11) Humongous regions: 129->129
[2021-05-30T17:00:27.690-0700][gc,metaspace  ] GC(11) Metaspace: 53007K->53007K(1097728K)
[2021-05-30T17:00:27.690-0700][gc            ] GC(11) Pause Young (Normal) (G1 Evacuation Pause) 194M->149M(1024M) 12.869ms
[2021-05-30T17:00:27.690-0700][gc,cpu        ] GC(11) User=0.04s Sys=0.00s Real=0.02s
[2021-05-30T17:08:32.879-0700][gc,start      ] GC(12) Pause Young (Normal) (G1 Evacuation Pause)
[2021-05-30T17:08:32.881-0700][gc,task       ] GC(12) Using 4 workers of 4 for evacuation
[2021-05-30T17:08:32.889-0700][gc,phases     ] GC(12)   Pre Evacuate Collection Set: 0.1ms
[2021-05-30T17:08:32.889-0700][gc,phases     ] GC(12)   Evacuate Collection Set: 7.2ms
[2021-05-30T17:08:32.889-0700][gc,phases     ] GC(12)   Post Evacuate Collection Set: 0.3ms
[2021-05-30T17:08:32.889-0700][gc,phases     ] GC(12)   Other: 2.3ms
[2021-05-30T17:08:32.889-0700][gc,heap       ] GC(12) Eden regions: 46->0(47)
[2021-05-30T17:08:32.889-0700][gc,heap       ] GC(12) Survivor regions: 5->5(7)
[2021-05-30T17:08:32.889-0700][gc,heap       ] GC(12) Old regions: 17->18
[2021-05-30T17:08:32.889-0700][gc,heap       ] GC(12) Humongous regions: 129->129
[2021-05-30T17:08:32.889-0700][gc,metaspace  ] GC(12) Metaspace: 53034K->53034K(1097728K)
[2021-05-30T17:08:32.889-0700][gc            ] GC(12) Pause Young (Normal) (G1 Evacuation Pause) 195M->150M(1024M) 9.871ms
[2021-05-30T17:08:32.889-0700][gc,cpu        ] GC(12) User=0.02s Sys=0.00s Real=0.01s
[2021-05-30T17:16:54.245-0700][gc,start      ] GC(13) Pause Young (Normal) (G1 Evacuation Pause)
[2021-05-30T17:16:54.245-0700][gc,task       ] GC(13) Using 4 workers of 4 for evacuation
[2021-05-30T17:16:54.260-0700][gc,phases     ] GC(13)   Pre Evacuate Collection Set: 1.9ms
[2021-05-30T17:16:54.260-0700][gc,phases     ] GC(13)   Evacuate Collection Set: 12.7ms
[2021-05-30T17:16:54.260-0700][gc,phases     ] GC(13)   Post Evacuate Collection Set: 0.3ms
[2021-05-30T17:16:54.260-0700][gc,phases     ] GC(13)   Other: 0.7ms
[2021-05-30T17:16:54.260-0700][gc,heap       ] GC(13) Eden regions: 47->0(49)
[2021-05-30T17:16:54.260-0700][gc,heap       ] GC(13) Survivor regions: 5->5(7)
[2021-05-30T17:16:54.260-0700][gc,heap       ] GC(13) Old regions: 18->19
[2021-05-30T17:16:54.260-0700][gc,heap       ] GC(13) Humongous regions: 129->129
[2021-05-30T17:16:54.260-0700][gc,metaspace  ] GC(13) Metaspace: 53074K->53074K(1097728K)
[2021-05-30T17:16:54.260-0700][gc            ] GC(13) Pause Young (Normal) (G1 Evacuation Pause) 197M->151M(1024M) 15.673ms
[2021-05-30T17:16:54.260-0700][gc,cpu        ] GC(13) User=0.02s Sys=0.03s Real=0.02s
[2021-05-30T17:24:44.442-0700][gc,start      ] GC(14) Pause Young (Normal) (G1 Evacuation Pause)
[2021-05-30T17:24:44.443-0700][gc,task       ] GC(14) Using 4 workers of 4 for evacuation
[2021-05-30T17:24:44.456-0700][gc,phases     ] GC(14)   Pre Evacuate Collection Set: 0.0ms
[2021-05-30T17:24:44.456-0700][gc,phases     ] GC(14)   Evacuate Collection Set: 12.4ms
[2021-05-30T17:24:44.456-0700][gc,phases     ] GC(14)   Post Evacuate Collection Set: 0.2ms
[2021-05-30T17:24:44.456-0700][gc,phases     ] GC(14)   Other: 1.9ms
[2021-05-30T17:24:44.456-0700][gc,heap       ] GC(14) Eden regions: 49->0(57)
[2021-05-30T17:24:44.456-0700][gc,heap       ] GC(14) Survivor regions: 5->5(7)
[2021-05-30T17:24:44.456-0700][gc,heap       ] GC(14) Old regions: 19->20
[2021-05-30T17:24:44.456-0700][gc,heap       ] GC(14) Humongous regions: 129->129
[2021-05-30T17:24:44.456-0700][gc,metaspace  ] GC(14) Metaspace: 53107K->53107K(1097728K)
[2021-05-30T17:24:44.456-0700][gc            ] GC(14) Pause Young (Normal) (G1 Evacuation Pause) 200M->153M(1024M) 14.686ms
[2021-05-30T17:24:44.456-0700][gc,cpu        ] GC(14) User=0.03s Sys=0.01s Real=0.01s
[2021-05-30T17:31:12.216-0700][gc,start      ] GC(15) Pause Young (Normal) (G1 Evacuation Pause)
[2021-05-30T17:31:12.216-0700][gc,task       ] GC(15) Using 4 workers of 4 for evacuation
[2021-05-30T17:31:12.234-0700][gc,phases     ] GC(15)   Pre Evacuate Collection Set: 0.2ms
[2021-05-30T17:31:12.235-0700][gc,phases     ] GC(15)   Evacuate Collection Set: 17.6ms
[2021-05-30T17:31:12.235-0700][gc,phases     ] GC(15)   Post Evacuate Collection Set: 0.6ms
[2021-05-30T17:31:12.235-0700][gc,phases     ] GC(15)   Other: 0.4ms
[2021-05-30T17:31:12.235-0700][gc,heap       ] GC(15) Eden regions: 57->0(54)
[2021-05-30T17:31:12.235-0700][gc,heap       ] GC(15) Survivor regions: 5->5(8)
[2021-05-30T17:31:12.235-0700][gc,heap       ] GC(15) Old regions: 20->21
[2021-05-30T17:31:12.235-0700][gc,heap       ] GC(15) Humongous regions: 129->129
[2021-05-30T17:31:12.235-0700][gc,metaspace  ] GC(15) Metaspace: 53228K->53228K(1097728K)
[2021-05-30T17:31:12.235-0700][gc            ] GC(15) Pause Young (Normal) (G1 Evacuation Pause) 210M->154M(1024M) 19.168ms
[2021-05-30T17:31:12.235-0700][gc,cpu        ] GC(15) User=0.04s Sys=0.00s Real=0.02s
[2021-05-30T17:37:49.808-0700][gc,start      ] GC(16) Pause Young (Normal) (G1 Evacuation Pause)
[2021-05-30T17:37:49.808-0700][gc,task       ] GC(16) Using 4 workers of 4 for evacuation
[2021-05-30T17:37:49.822-0700][gc,phases     ] GC(16)   Pre Evacuate Collection Set: 0.0ms
[2021-05-30T17:37:49.822-0700][gc,phases     ] GC(16)   Evacuate Collection Set: 13.5ms
[2021-05-30T17:37:49.822-0700][gc,phases     ] GC(16)   Post Evacuate Collection Set: 0.2ms
[2021-05-30T17:37:49.822-0700][gc,phases     ] GC(16)   Other: 0.4ms
[2021-05-30T17:37:49.822-0700][gc,heap       ] GC(16) Eden regions: 54->0(63)
[2021-05-30T17:37:49.822-0700][gc,heap       ] GC(16) Survivor regions: 5->4(8)
[2021-05-30T17:37:49.822-0700][gc,heap       ] GC(16) Old regions: 21->22
[2021-05-30T17:37:49.822-0700][gc,heap       ] GC(16) Humongous regions: 129->129
[2021-05-30T17:37:49.822-0700][gc,metaspace  ] GC(16) Metaspace: 53630K->53630K(1097728K)
[2021-05-30T17:37:49.822-0700][gc            ] GC(16) Pause Young (Normal) (G1 Evacuation Pause) 208M->154M(1024M) 14.250ms
[2021-05-30T17:37:49.822-0700][gc,cpu        ] GC(16) User=0.03s Sys=0.01s Real=0.02s
[2021-05-30T17:44:44.987-0700][gc,start      ] GC(17) Pause Young (Normal) (G1 Evacuation Pause)
[2021-05-30T17:44:44.987-0700][gc,task       ] GC(17) Using 4 workers of 4 for evacuation
[2021-05-30T17:44:44.994-0700][gc,phases     ] GC(17)   Pre Evacuate Collection Set: 0.0ms
[2021-05-30T17:44:44.994-0700][gc,phases     ] GC(17)   Evacuate Collection Set: 6.2ms
[2021-05-30T17:44:44.994-0700][gc,phases     ] GC(17)   Post Evacuate Collection Set: 0.3ms
[2021-05-30T17:44:44.994-0700][gc,phases     ] GC(17)   Other: 0.3ms
[2021-05-30T17:44:44.994-0700][gc,heap       ] GC(17) Eden regions: 47->0(75)
[2021-05-30T17:44:44.994-0700][gc,heap       ] GC(17) Survivor regions: 4->3(7)
[2021-05-30T17:44:44.994-0700][gc,heap       ] GC(17) Old regions: 22->24
[2021-05-30T17:44:44.994-0700][gc,heap       ] GC(17) Humongous regions: 129->129
[2021-05-30T17:44:44.994-0700][gc,metaspace  ] GC(17) Metaspace: 53716K->53716K(1097728K)
[2021-05-30T17:44:44.994-0700][gc            ] GC(17) Pause Young (Normal) (G1 Evacuation Pause) 201M->154M(1024M) 7.026ms
[2021-05-30T17:44:44.994-0700][gc,cpu        ] GC(17) User=0.03s Sys=0.00s Real=0.01s
[2021-05-30T17:56:24.775-0700][gc,start      ] GC(18) Pause Young (Normal) (G1 Evacuation Pause)
[2021-05-30T17:56:24.777-0700][gc,task       ] GC(18) Using 4 workers of 4 for evacuation
[2021-05-30T17:56:24.786-0700][gc,phases     ] GC(18)   Pre Evacuate Collection Set: 0.1ms
[2021-05-30T17:56:24.786-0700][gc,phases     ] GC(18)   Evacuate Collection Set: 8.2ms
[2021-05-30T17:56:24.786-0700][gc,phases     ] GC(18)   Post Evacuate Collection Set: 0.3ms
[2021-05-30T17:56:24.786-0700][gc,phases     ] GC(18)   Other: 2.1ms
[2021-05-30T17:56:24.786-0700][gc,heap       ] GC(18) Eden regions: 75->0(150)
[2021-05-30T17:56:24.786-0700][gc,heap       ] GC(18) Survivor regions: 3->3(10)
[2021-05-30T17:56:24.786-0700][gc,heap       ] GC(18) Old regions: 24->24
[2021-05-30T17:56:24.786-0700][gc,heap       ] GC(18) Humongous regions: 129->129
[2021-05-30T17:56:24.786-0700][gc,metaspace  ] GC(18) Metaspace: 53738K->53738K(1097728K)
[2021-05-30T17:56:24.786-0700][gc            ] GC(18) Pause Young (Normal) (G1 Evacuation Pause) 229M->154M(1024M) 10.815ms
[2021-05-30T17:56:24.786-0700][gc,cpu        ] GC(18) User=0.02s Sys=0.01s Real=0.01s
[2021-05-30T22:37:01.599-0700][gc,start      ] GC(19) Pause Young (Normal) (G1 Evacuation Pause)
[2021-05-30T22:37:01.601-0700][gc,task       ] GC(19) Using 4 workers of 4 for evacuation
[2021-05-30T22:37:01.892-0700][gc,mmu        ] GC(19) MMU target violated: 21.0ms (20.0ms/21.0ms)
[2021-05-30T22:37:01.892-0700][gc,phases     ] GC(19)   Pre Evacuate Collection Set: 9.9ms
[2021-05-30T22:37:01.892-0700][gc,phases     ] GC(19)   Evacuate Collection Set: 251.1ms
[2021-05-30T22:37:01.892-0700][gc,phases     ] GC(19)   Post Evacuate Collection Set: 24.0ms
[2021-05-30T22:37:01.892-0700][gc,phases     ] GC(19)   Other: 8.0ms
[2021-05-30T22:37:01.892-0700][gc,heap       ] GC(19) Eden regions: 150->0(46)
[2021-05-30T22:37:01.892-0700][gc,heap       ] GC(19) Survivor regions: 3->5(20)
[2021-05-30T22:37:01.893-0700][gc,heap       ] GC(19) Old regions: 24->24
[2021-05-30T22:37:01.893-0700][gc,heap       ] GC(19) Humongous regions: 129->129
[2021-05-30T22:37:01.893-0700][gc,metaspace  ] GC(19) Metaspace: 53784K->53784K(1097728K)
[2021-05-30T22:37:01.893-0700][gc            ] GC(19) Pause Young (Normal) (G1 Evacuation Pause) 304M->157M(1024M) 293.565ms
[2021-05-30T22:37:01.894-0700][gc,cpu        ] GC(19) User=0.27s Sys=0.22s Real=0.30s
[2021-05-30T23:30:58.396-0700][gc,start      ] GC(20) Pause Young (Normal) (G1 Evacuation Pause)
[2021-05-30T23:30:58.398-0700][gc,task       ] GC(20) Using 4 workers of 4 for evacuation
[2021-05-30T23:30:58.411-0700][gc,phases     ] GC(20)   Pre Evacuate Collection Set: 0.0ms
[2021-05-30T23:30:58.411-0700][gc,phases     ] GC(20)   Evacuate Collection Set: 13.1ms
[2021-05-30T23:30:58.411-0700][gc,phases     ] GC(20)   Post Evacuate Collection Set: 0.2ms
[2021-05-30T23:30:58.411-0700][gc,phases     ] GC(20)   Other: 2.2ms
[2021-05-30T23:30:58.411-0700][gc,heap       ] GC(20) Eden regions: 46->0(48)
[2021-05-30T23:30:58.411-0700][gc,heap       ] GC(20) Survivor regions: 5->3(7)
[2021-05-30T23:30:58.411-0700][gc,heap       ] GC(20) Old regions: 24->27
[2021-05-30T23:30:58.411-0700][gc,heap       ] GC(20) Humongous regions: 129->129
[2021-05-30T23:30:58.411-0700][gc,metaspace  ] GC(20) Metaspace: 53796K->53796K(1097728K)
[2021-05-30T23:30:58.412-0700][gc            ] GC(20) Pause Young (Normal) (G1 Evacuation Pause) 203M->157M(1024M) 15.674ms
[2021-05-30T23:30:58.412-0700][gc,cpu        ] GC(20) User=0.04s Sys=0.01s Real=0.02s
[2021-05-31T00:45:37.801-0700][gc,start      ] GC(21) Pause Young (Normal) (G1 Evacuation Pause)
[2021-05-31T00:45:37.803-0700][gc,task       ] GC(21) Using 4 workers of 4 for evacuation
[2021-05-31T00:45:37.920-0700][gc,mmu        ] GC(21) MMU target violated: 21.0ms (20.0ms/21.0ms)
[2021-05-31T00:45:37.920-0700][gc,phases     ] GC(21)   Pre Evacuate Collection Set: 0.1ms
[2021-05-31T00:45:37.921-0700][gc,phases     ] GC(21)   Evacuate Collection Set: 115.4ms
[2021-05-31T00:45:37.921-0700][gc,phases     ] GC(21)   Post Evacuate Collection Set: 1.2ms
[2021-05-31T00:45:37.921-0700][gc,phases     ] GC(21)   Other: 2.5ms
[2021-05-31T00:45:37.921-0700][gc,heap       ] GC(21) Eden regions: 48->0(45)
[2021-05-31T00:45:37.921-0700][gc,heap       ] GC(21) Survivor regions: 3->6(7)
[2021-05-31T00:45:37.921-0700][gc,heap       ] GC(21) Old regions: 27->27
[2021-05-31T00:45:37.921-0700][gc,heap       ] GC(21) Humongous regions: 129->129
[2021-05-31T00:45:37.922-0700][gc,metaspace  ] GC(21) Metaspace: 53813K->53813K(1097728K)
[2021-05-31T00:45:37.922-0700][gc            ] GC(21) Pause Young (Normal) (G1 Evacuation Pause) 205M->160M(1024M) 120.285ms
[2021-05-31T00:45:37.922-0700][gc,cpu        ] GC(21) User=0.20s Sys=0.08s Real=0.12s
[2021-05-31T04:01:04.505-0700][gc,start      ] GC(22) Pause Young (Normal) (G1 Evacuation Pause)
[2021-05-31T04:01:04.506-0700][gc,task       ] GC(22) Using 4 workers of 4 for evacuation
[2021-05-31T04:01:04.518-0700][gc,phases     ] GC(22)   Pre Evacuate Collection Set: 0.0ms
[2021-05-31T04:01:04.518-0700][gc,phases     ] GC(22)   Evacuate Collection Set: 10.9ms
[2021-05-31T04:01:04.518-0700][gc,phases     ] GC(22)   Post Evacuate Collection Set: 0.3ms
[2021-05-31T04:01:04.518-0700][gc,phases     ] GC(22)   Other: 1.3ms
[2021-05-31T04:01:04.518-0700][gc,heap       ] GC(22) Eden regions: 45->0(48)
[2021-05-31T04:01:04.518-0700][gc,heap       ] GC(22) Survivor regions: 6->3(7)
[2021-05-31T04:01:04.518-0700][gc,heap       ] GC(22) Old regions: 27->30
[2021-05-31T04:01:04.518-0700][gc,heap       ] GC(22) Humongous regions: 129->129
[2021-05-31T04:01:04.518-0700][gc,metaspace  ] GC(22) Metaspace: 53825K->53825K(1097728K)
[2021-05-31T04:01:04.518-0700][gc            ] GC(22) Pause Young (Normal) (G1 Evacuation Pause) 205M->160M(1024M) 12.668ms
[2021-05-31T04:01:04.518-0700][gc,cpu        ] GC(22) User=0.04s Sys=0.00s Real=0.01s
[2021-05-31T04:06:52.149-0700][gc,start      ] GC(23) Pause Young (Normal) (G1 Evacuation Pause)
[2021-05-31T04:06:52.151-0700][gc,task       ] GC(23) Using 4 workers of 4 for evacuation
[2021-05-31T04:06:52.158-0700][gc,phases     ] GC(23)   Pre Evacuate Collection Set: 0.0ms
[2021-05-31T04:06:52.158-0700][gc,phases     ] GC(23)   Evacuate Collection Set: 6.6ms
[2021-05-31T04:06:52.158-0700][gc,phases     ] GC(23)   Post Evacuate Collection Set: 0.3ms
[2021-05-31T04:06:52.158-0700][gc,phases     ] GC(23)   Other: 2.4ms
[2021-05-31T04:06:52.158-0700][gc,heap       ] GC(23) Eden regions: 48->0(48)
[2021-05-31T04:06:52.158-0700][gc,heap       ] GC(23) Survivor regions: 3->3(7)
[2021-05-31T04:06:52.158-0700][gc,heap       ] GC(23) Old regions: 30->30
[2021-05-31T04:06:52.158-0700][gc,heap       ] GC(23) Humongous regions: 129->129
[2021-05-31T04:06:52.158-0700][gc,metaspace  ] GC(23) Metaspace: 53846K->53846K(1097728K)
[2021-05-31T04:06:52.158-0700][gc            ] GC(23) Pause Young (Normal) (G1 Evacuation Pause) 208M->160M(1024M) 9.455ms
[2021-05-31T04:06:52.158-0700][gc,cpu        ] GC(23) User=0.02s Sys=0.00s Real=0.01s
[2021-05-31T04:12:39.734-0700][gc,start      ] GC(24) Pause Young (Normal) (G1 Evacuation Pause)
[2021-05-31T04:12:39.736-0700][gc,task       ] GC(24) Using 4 workers of 4 for evacuation
[2021-05-31T04:12:39.744-0700][gc,phases     ] GC(24)   Pre Evacuate Collection Set: 0.0ms
[2021-05-31T04:12:39.744-0700][gc,phases     ] GC(24)   Evacuate Collection Set: 7.3ms
[2021-05-31T04:12:39.744-0700][gc,phases     ] GC(24)   Post Evacuate Collection Set: 0.3ms
[2021-05-31T04:12:39.744-0700][gc,phases     ] GC(24)   Other: 2.2ms
[2021-05-31T04:12:39.744-0700][gc,heap       ] GC(24) Eden regions: 48->0(47)
[2021-05-31T04:12:39.744-0700][gc,heap       ] GC(24) Survivor regions: 3->4(7)
[2021-05-31T04:12:39.744-0700][gc,heap       ] GC(24) Old regions: 30->30
[2021-05-31T04:12:39.744-0700][gc,heap       ] GC(24) Humongous regions: 129->129
[2021-05-31T04:12:39.744-0700][gc,metaspace  ] GC(24) Metaspace: 53849K->53849K(1097728K)
[2021-05-31T04:12:39.744-0700][gc            ] GC(24) Pause Young (Normal) (G1 Evacuation Pause) 208M->161M(1024M) 9.989ms
[2021-05-31T04:12:39.744-0700][gc,cpu        ] GC(24) User=0.03s Sys=0.00s Real=0.01s
[2021-05-31T04:18:20.061-0700][gc,start      ] GC(25) Pause Young (Normal) (G1 Evacuation Pause)
[2021-05-31T04:18:20.063-0700][gc,task       ] GC(25) Using 4 workers of 4 for evacuation
[2021-05-31T04:18:20.074-0700][gc,phases     ] GC(25)   Pre Evacuate Collection Set: 0.0ms
[2021-05-31T04:18:20.074-0700][gc,phases     ] GC(25)   Evacuate Collection Set: 10.2ms
[2021-05-31T04:18:20.074-0700][gc,phases     ] GC(25)   Post Evacuate Collection Set: 0.2ms
[2021-05-31T04:18:20.074-0700][gc,phases     ] GC(25)   Other: 2.1ms
[2021-05-31T04:18:20.074-0700][gc,heap       ] GC(25) Eden regions: 47->0(47)
[2021-05-31T04:18:20.074-0700][gc,heap       ] GC(25) Survivor regions: 4->4(7)
[2021-05-31T04:18:20.074-0700][gc,heap       ] GC(25) Old regions: 30->30
[2021-05-31T04:18:20.074-0700][gc,heap       ] GC(25) Humongous regions: 129->129
[2021-05-31T04:18:20.074-0700][gc,metaspace  ] GC(25) Metaspace: 53849K->53849K(1097728K)
[2021-05-31T04:18:20.074-0700][gc            ] GC(25) Pause Young (Normal) (G1 Evacuation Pause) 208M->162M(1024M) 12.720ms
[2021-05-31T04:18:20.074-0700][gc,cpu        ] GC(25) User=0.03s Sys=0.00s Real=0.01s
[2021-05-31T04:23:59.198-0700][gc,start      ] GC(26) Pause Young (Normal) (G1 Evacuation Pause)
[2021-05-31T04:23:59.200-0700][gc,task       ] GC(26) Using 4 workers of 4 for evacuation
[2021-05-31T04:23:59.209-0700][gc,phases     ] GC(26)   Pre Evacuate Collection Set: 0.0ms
[2021-05-31T04:23:59.209-0700][gc,phases     ] GC(26)   Evacuate Collection Set: 8.6ms
[2021-05-31T04:23:59.209-0700][gc,phases     ] GC(26)   Post Evacuate Collection Set: 0.3ms
[2021-05-31T04:23:59.209-0700][gc,phases     ] GC(26)   Other: 2.2ms
[2021-05-31T04:23:59.209-0700][gc,heap       ] GC(26) Eden regions: 47->0(47)
[2021-05-31T04:23:59.209-0700][gc,heap       ] GC(26) Survivor regions: 4->4(7)
[2021-05-31T04:23:59.209-0700][gc,heap       ] GC(26) Old regions: 30->30
[2021-05-31T04:23:59.209-0700][gc,heap       ] GC(26) Humongous regions: 129->129
[2021-05-31T04:23:59.209-0700][gc,metaspace  ] GC(26) Metaspace: 53850K->53850K(1097728K)
[2021-05-31T04:23:59.209-0700][gc            ] GC(26) Pause Young (Normal) (G1 Evacuation Pause) 209M->162M(1024M) 11.265ms
[2021-05-31T04:23:59.209-0700][gc,cpu        ] GC(26) User=0.04s Sys=0.01s Real=0.01s
[2021-05-31T04:29:39.402-0700][gc,start      ] GC(27) Pause Young (Normal) (G1 Evacuation Pause)
[2021-05-31T04:29:39.404-0700][gc,task       ] GC(27) Using 4 workers of 4 for evacuation
[2021-05-31T04:29:39.414-0700][gc,phases     ] GC(27)   Pre Evacuate Collection Set: 0.0ms
[2021-05-31T04:29:39.414-0700][gc,phases     ] GC(27)   Evacuate Collection Set: 9.2ms
[2021-05-31T04:29:39.414-0700][gc,phases     ] GC(27)   Post Evacuate Collection Set: 0.2ms
[2021-05-31T04:29:39.414-0700][gc,phases     ] GC(27)   Other: 2.1ms
[2021-05-31T04:29:39.414-0700][gc,heap       ] GC(27) Eden regions: 47->0(46)
[2021-05-31T04:29:39.414-0700][gc,heap       ] GC(27) Survivor regions: 4->5(7)
[2021-05-31T04:29:39.414-0700][gc,heap       ] GC(27) Old regions: 30->31
[2021-05-31T04:29:39.414-0700][gc,heap       ] GC(27) Humongous regions: 129->129
[2021-05-31T04:29:39.414-0700][gc,metaspace  ] GC(27) Metaspace: 53856K->53856K(1097728K)
[2021-05-31T04:29:39.414-0700][gc            ] GC(27) Pause Young (Normal) (G1 Evacuation Pause) 209M->163M(1024M) 11.719ms
[2021-05-31T04:29:39.414-0700][gc,cpu        ] GC(27) User=0.04s Sys=0.00s Real=0.01s
[2021-05-31T04:35:11.596-0700][gc,start      ] GC(28) Pause Young (Normal) (G1 Evacuation Pause)
[2021-05-31T04:35:11.598-0700][gc,task       ] GC(28) Using 4 workers of 4 for evacuation
[2021-05-31T04:35:11.608-0700][gc,phases     ] GC(28)   Pre Evacuate Collection Set: 0.0ms
[2021-05-31T04:35:11.608-0700][gc,phases     ] GC(28)   Evacuate Collection Set: 9.1ms
[2021-05-31T04:35:11.608-0700][gc,phases     ] GC(28)   Post Evacuate Collection Set: 0.3ms
[2021-05-31T04:35:11.608-0700][gc,phases     ] GC(28)   Other: 2.2ms
[2021-05-31T04:35:11.608-0700][gc,heap       ] GC(28) Eden regions: 46->0(46)
[2021-05-31T04:35:11.608-0700][gc,heap       ] GC(28) Survivor regions: 5->5(7)
[2021-05-31T04:35:11.608-0700][gc,heap       ] GC(28) Old regions: 31->31
[2021-05-31T04:35:11.608-0700][gc,heap       ] GC(28) Humongous regions: 129->129
[2021-05-31T04:35:11.608-0700][gc,metaspace  ] GC(28) Metaspace: 53856K->53856K(1097728K)
[2021-05-31T04:35:11.608-0700][gc            ] GC(28) Pause Young (Normal) (G1 Evacuation Pause) 209M->163M(1024M) 11.748ms
[2021-05-31T04:35:11.608-0700][gc,cpu        ] GC(28) User=0.04s Sys=0.00s Real=0.01s
[2021-05-31T04:40:44.298-0700][gc,start      ] GC(29) Pause Young (Normal) (G1 Evacuation Pause)
[2021-05-31T04:40:44.300-0700][gc,task       ] GC(29) Using 4 workers of 4 for evacuation
[2021-05-31T04:40:44.309-0700][gc,phases     ] GC(29)   Pre Evacuate Collection Set: 0.1ms
[2021-05-31T04:40:44.309-0700][gc,phases     ] GC(29)   Evacuate Collection Set: 8.9ms
[2021-05-31T04:40:44.309-0700][gc,phases     ] GC(29)   Post Evacuate Collection Set: 0.3ms
[2021-05-31T04:40:44.309-0700][gc,phases     ] GC(29)   Other: 2.2ms
[2021-05-31T04:40:44.309-0700][gc,heap       ] GC(29) Eden regions: 46->0(47)
[2021-05-31T04:40:44.309-0700][gc,heap       ] GC(29) Survivor regions: 5->4(7)
[2021-05-31T04:40:44.309-0700][gc,heap       ] GC(29) Old regions: 31->32
[2021-05-31T04:40:44.309-0700][gc,heap       ] GC(29) Humongous regions: 129->129
[2021-05-31T04:40:44.309-0700][gc,metaspace  ] GC(29) Metaspace: 53857K->53857K(1097728K)
[2021-05-31T04:40:44.309-0700][gc            ] GC(29) Pause Young (Normal) (G1 Evacuation Pause) 209M->164M(1024M) 11.562ms
[2021-05-31T04:40:44.309-0700][gc,cpu        ] GC(29) User=0.03s Sys=0.00s Real=0.01s
[2021-05-31T04:46:24.715-0700][gc,start      ] GC(30) Pause Young (Normal) (G1 Evacuation Pause)
[2021-05-31T04:46:24.716-0700][gc,task       ] GC(30) Using 4 workers of 4 for evacuation
[2021-05-31T04:46:24.726-0700][gc,phases     ] GC(30)   Pre Evacuate Collection Set: 0.0ms
[2021-05-31T04:46:24.726-0700][gc,phases     ] GC(30)   Evacuate Collection Set: 9.0ms
[2021-05-31T04:46:24.726-0700][gc,phases     ] GC(30)   Post Evacuate Collection Set: 0.4ms
[2021-05-31T04:46:24.726-0700][gc,phases     ] GC(30)   Other: 2.2ms
[2021-05-31T04:46:24.726-0700][gc,heap       ] GC(30) Eden regions: 47->0(48)
[2021-05-31T04:46:24.726-0700][gc,heap       ] GC(30) Survivor regions: 4->4(7)
[2021-05-31T04:46:24.727-0700][gc,heap       ] GC(30) Old regions: 32->32
[2021-05-31T04:46:24.727-0700][gc,heap       ] GC(30) Humongous regions: 129->129
[2021-05-31T04:46:24.727-0700][gc,metaspace  ] GC(30) Metaspace: 53873K->53873K(1097728K)
[2021-05-31T04:46:24.727-0700][gc            ] GC(30) Pause Young (Normal) (G1 Evacuation Pause) 211M->164M(1024M) 12.066ms
[2021-05-31T04:46:24.727-0700][gc,cpu        ] GC(30) User=0.04s Sys=0.01s Real=0.01s
[2021-05-31T04:52:11.469-0700][gc,start      ] GC(31) Pause Young (Normal) (G1 Evacuation Pause)
[2021-05-31T04:52:11.471-0700][gc,task       ] GC(31) Using 4 workers of 4 for evacuation
[2021-05-31T04:52:11.480-0700][gc,phases     ] GC(31)   Pre Evacuate Collection Set: 0.0ms
[2021-05-31T04:52:11.480-0700][gc,phases     ] GC(31)   Evacuate Collection Set: 9.1ms
[2021-05-31T04:52:11.480-0700][gc,phases     ] GC(31)   Post Evacuate Collection Set: 0.3ms
[2021-05-31T04:52:11.480-0700][gc,phases     ] GC(31)   Other: 2.1ms
[2021-05-31T04:52:11.480-0700][gc,heap       ] GC(31) Eden regions: 48->0(51)
[2021-05-31T04:52:11.480-0700][gc,heap       ] GC(31) Survivor regions: 4->5(7)
[2021-05-31T04:52:11.480-0700][gc,heap       ] GC(31) Old regions: 32->33
[2021-05-31T04:52:11.480-0700][gc,heap       ] GC(31) Humongous regions: 129->129
[2021-05-31T04:52:11.480-0700][gc,metaspace  ] GC(31) Metaspace: 53874K->53874K(1097728K)
[2021-05-31T04:52:11.480-0700][gc            ] GC(31) Pause Young (Normal) (G1 Evacuation Pause) 212M->165M(1024M) 11.594ms
[2021-05-31T04:52:11.480-0700][gc,cpu        ] GC(31) User=0.04s Sys=0.00s Real=0.02s
[2021-05-31T04:57:54.701-0700][gc,start      ] GC(32) Pause Young (Normal) (G1 Evacuation Pause)
[2021-05-31T04:57:54.703-0700][gc,task       ] GC(32) Using 4 workers of 4 for evacuation
[2021-05-31T04:57:54.719-0700][gc,phases     ] GC(32)   Pre Evacuate Collection Set: 0.0ms
[2021-05-31T04:57:54.719-0700][gc,phases     ] GC(32)   Evacuate Collection Set: 14.6ms
[2021-05-31T04:57:54.719-0700][gc,phases     ] GC(32)   Post Evacuate Collection Set: 0.3ms
[2021-05-31T04:57:54.719-0700][gc,phases     ] GC(32)   Other: 2.4ms
[2021-05-31T04:57:54.719-0700][gc,heap       ] GC(32) Eden regions: 51->0(51)
[2021-05-31T04:57:54.719-0700][gc,heap       ] GC(32) Survivor regions: 5->6(7)
[2021-05-31T04:57:54.719-0700][gc,heap       ] GC(32) Old regions: 33->33
[2021-05-31T04:57:54.719-0700][gc,heap       ] GC(32) Humongous regions: 129->129
[2021-05-31T04:57:54.719-0700][gc,metaspace  ] GC(32) Metaspace: 53874K->53874K(1097728K)
[2021-05-31T04:57:54.719-0700][gc            ] GC(32) Pause Young (Normal) (G1 Evacuation Pause) 216M->167M(1024M) 17.391ms
[2021-05-31T04:57:54.719-0700][gc,cpu        ] GC(32) User=0.04s Sys=0.01s Real=0.01s
[2021-05-31T08:09:55.737-0700][gc,start      ] GC(33) Pause Young (Normal) (G1 Evacuation Pause)
[2021-05-31T08:09:55.739-0700][gc,task       ] GC(33) Using 4 workers of 4 for evacuation
[2021-05-31T08:09:55.772-0700][gc,mmu        ] GC(33) MMU target violated: 21.0ms (20.0ms/21.0ms)
[2021-05-31T08:09:55.772-0700][gc,phases     ] GC(33)   Pre Evacuate Collection Set: 8.4ms
[2021-05-31T08:09:55.772-0700][gc,phases     ] GC(33)   Evacuate Collection Set: 22.5ms
[2021-05-31T08:09:55.772-0700][gc,phases     ] GC(33)   Post Evacuate Collection Set: 0.3ms
[2021-05-31T08:09:55.772-0700][gc,phases     ] GC(33)   Other: 3.8ms
[2021-05-31T08:09:55.772-0700][gc,heap       ] GC(33) Eden regions: 51->0(47)
[2021-05-31T08:09:55.772-0700][gc,heap       ] GC(33) Survivor regions: 6->4(8)
[2021-05-31T08:09:55.772-0700][gc,heap       ] GC(33) Old regions: 33->35
[2021-05-31T08:09:55.772-0700][gc,heap       ] GC(33) Humongous regions: 129->129
[2021-05-31T08:09:55.772-0700][gc,metaspace  ] GC(33) Metaspace: 53886K->53886K(1097728K)
[2021-05-31T08:09:55.772-0700][gc            ] GC(33) Pause Young (Normal) (G1 Evacuation Pause) 218M->167M(1024M) 35.106ms
[2021-05-31T08:09:55.772-0700][gc,cpu        ] GC(33) User=0.03s Sys=0.04s Real=0.04s
[2021-05-31T08:19:25.562-0700][gc,start      ] GC(34) Pause Young (Normal) (G1 Evacuation Pause)
[2021-05-31T08:19:25.563-0700][gc,task       ] GC(34) Using 4 workers of 4 for evacuation
[2021-05-31T08:19:25.573-0700][gc,phases     ] GC(34)   Pre Evacuate Collection Set: 0.1ms
[2021-05-31T08:19:25.573-0700][gc,phases     ] GC(34)   Evacuate Collection Set: 8.7ms
[2021-05-31T08:19:25.573-0700][gc,phases     ] GC(34)   Post Evacuate Collection Set: 0.3ms
[2021-05-31T08:19:25.573-0700][gc,phases     ] GC(34)   Other: 2.1ms
[2021-05-31T08:19:25.573-0700][gc,heap       ] GC(34) Eden regions: 47->0(53)
[2021-05-31T08:19:25.573-0700][gc,heap       ] GC(34) Survivor regions: 4->3(7)
[2021-05-31T08:19:25.573-0700][gc,heap       ] GC(34) Old regions: 35->36
[2021-05-31T08:19:25.573-0700][gc,heap       ] GC(34) Humongous regions: 129->129
[2021-05-31T08:19:25.573-0700][gc,metaspace  ] GC(34) Metaspace: 53982K->53982K(1097728K)
[2021-05-31T08:19:25.573-0700][gc            ] GC(34) Pause Young (Normal) (G1 Evacuation Pause) 214M->167M(1024M) 11.317ms
[2021-05-31T08:19:25.573-0700][gc,cpu        ] GC(34) User=0.02s Sys=0.01s Real=0.01s
[2021-05-31T08:26:43.228-0700][gc,start      ] GC(35) Pause Young (Normal) (G1 Evacuation Pause)
[2021-05-31T08:26:43.228-0700][gc,task       ] GC(35) Using 4 workers of 4 for evacuation
[2021-05-31T08:26:43.237-0700][gc,phases     ] GC(35)   Pre Evacuate Collection Set: 0.0ms
[2021-05-31T08:26:43.237-0700][gc,phases     ] GC(35)   Evacuate Collection Set: 8.6ms
[2021-05-31T08:26:43.237-0700][gc,phases     ] GC(35)   Post Evacuate Collection Set: 0.3ms
[2021-05-31T08:26:43.237-0700][gc,phases     ] GC(35)   Other: 0.4ms
[2021-05-31T08:26:43.237-0700][gc,heap       ] GC(35) Eden regions: 53->0(56)
[2021-05-31T08:26:43.237-0700][gc,heap       ] GC(35) Survivor regions: 3->3(7)
[2021-05-31T08:26:43.237-0700][gc,heap       ] GC(35) Old regions: 36->36
[2021-05-31T08:26:43.237-0700][gc,heap       ] GC(35) Humongous regions: 129->129
[2021-05-31T08:26:43.237-0700][gc,metaspace  ] GC(35) Metaspace: 54068K->54068K(1097728K)
[2021-05-31T08:26:43.237-0700][gc            ] GC(35) Pause Young (Normal) (G1 Evacuation Pause) 220M->166M(1024M) 9.453ms
[2021-05-31T08:26:43.237-0700][gc,cpu        ] GC(35) User=0.02s Sys=0.00s Real=0.01s
[2021-05-31T08:34:29.217-0700][gc,start      ] GC(36) Pause Young (Normal) (G1 Evacuation Pause)
[2021-05-31T08:34:29.217-0700][gc,task       ] GC(36) Using 4 workers of 4 for evacuation
[2021-05-31T08:34:29.227-0700][gc,phases     ] GC(36)   Pre Evacuate Collection Set: 0.0ms
[2021-05-31T08:34:29.227-0700][gc,phases     ] GC(36)   Evacuate Collection Set: 9.5ms
[2021-05-31T08:34:29.227-0700][gc,phases     ] GC(36)   Post Evacuate Collection Set: 0.2ms
[2021-05-31T08:34:29.227-0700][gc,phases     ] GC(36)   Other: 0.4ms
[2021-05-31T08:34:29.227-0700][gc,heap       ] GC(36) Eden regions: 56->0(60)
[2021-05-31T08:34:29.227-0700][gc,heap       ] GC(36) Survivor regions: 3->4(8)
[2021-05-31T08:34:29.227-0700][gc,heap       ] GC(36) Old regions: 36->36
[2021-05-31T08:34:29.227-0700][gc,heap       ] GC(36) Humongous regions: 129->129
[2021-05-31T08:34:29.227-0700][gc,metaspace  ] GC(36) Metaspace: 54071K->54071K(1097728K)
[2021-05-31T08:34:29.227-0700][gc            ] GC(36) Pause Young (Normal) (G1 Evacuation Pause) 222M->168M(1024M) 10.195ms
[2021-05-31T08:34:29.227-0700][gc,cpu        ] GC(36) User=0.03s Sys=0.01s Real=0.01s
[2021-05-31T08:42:48.286-0700][gc,start      ] GC(37) Pause Young (Normal) (G1 Evacuation Pause)
[2021-05-31T08:42:48.287-0700][gc,task       ] GC(37) Using 4 workers of 4 for evacuation
[2021-05-31T08:42:48.297-0700][gc,phases     ] GC(37)   Pre Evacuate Collection Set: 0.0ms
[2021-05-31T08:42:48.297-0700][gc,phases     ] GC(37)   Evacuate Collection Set: 9.8ms
[2021-05-31T08:42:48.297-0700][gc,phases     ] GC(37)   Post Evacuate Collection Set: 0.2ms
[2021-05-31T08:42:48.297-0700][gc,phases     ] GC(37)   Other: 0.3ms
[2021-05-31T08:42:48.297-0700][gc,heap       ] GC(37) Eden regions: 60->0(66)
[2021-05-31T08:42:48.297-0700][gc,heap       ] GC(37) Survivor regions: 4->4(8)
[2021-05-31T08:42:48.297-0700][gc,heap       ] GC(37) Old regions: 36->36
[2021-05-31T08:42:48.297-0700][gc,heap       ] GC(37) Humongous regions: 129->129
[2021-05-31T08:42:48.297-0700][gc,metaspace  ] GC(37) Metaspace: 54078K->54078K(1097728K)
[2021-05-31T08:42:48.297-0700][gc            ] GC(37) Pause Young (Normal) (G1 Evacuation Pause) 228M->168M(1024M) 10.545ms
[2021-05-31T08:42:48.297-0700][gc,cpu        ] GC(37) User=0.02s Sys=0.01s Real=0.01s
[2021-05-31T08:51:58.044-0700][gc,start      ] GC(38) Pause Young (Normal) (G1 Evacuation Pause)
[2021-05-31T08:51:58.044-0700][gc,task       ] GC(38) Using 4 workers of 4 for evacuation
[2021-05-31T08:51:58.054-0700][gc,phases     ] GC(38)   Pre Evacuate Collection Set: 0.0ms
[2021-05-31T08:51:58.054-0700][gc,phases     ] GC(38)   Evacuate Collection Set: 9.9ms
[2021-05-31T08:51:58.054-0700][gc,phases     ] GC(38)   Post Evacuate Collection Set: 0.2ms
[2021-05-31T08:51:58.054-0700][gc,phases     ] GC(38)   Other: 0.5ms
[2021-05-31T08:51:58.054-0700][gc,heap       ] GC(38) Eden regions: 66->0(73)
[2021-05-31T08:51:58.054-0700][gc,heap       ] GC(38) Survivor regions: 4->3(9)
[2021-05-31T08:51:58.054-0700][gc,heap       ] GC(38) Old regions: 36->36
[2021-05-31T08:51:58.054-0700][gc,heap       ] GC(38) Humongous regions: 129->129
[2021-05-31T08:51:58.054-0700][gc,metaspace  ] GC(38) Metaspace: 54079K->54079K(1097728K)
[2021-05-31T08:51:58.054-0700][gc            ] GC(38) Pause Young (Normal) (G1 Evacuation Pause) 234M->167M(1024M) 10.714ms
[2021-05-31T08:51:58.054-0700][gc,cpu        ] GC(38) User=0.02s Sys=0.01s Real=0.01s
[2021-05-31T09:02:07.114-0700][gc,start      ] GC(39) Pause Young (Normal) (G1 Evacuation Pause)
[2021-05-31T09:02:07.114-0700][gc,task       ] GC(39) Using 4 workers of 4 for evacuation
[2021-05-31T09:02:07.120-0700][gc,phases     ] GC(39)   Pre Evacuate Collection Set: 0.0ms
[2021-05-31T09:02:07.120-0700][gc,phases     ] GC(39)   Evacuate Collection Set: 6.0ms
[2021-05-31T09:02:07.120-0700][gc,phases     ] GC(39)   Post Evacuate Collection Set: 0.3ms
[2021-05-31T09:02:07.120-0700][gc,phases     ] GC(39)   Other: 0.5ms
[2021-05-31T09:02:07.120-0700][gc,heap       ] GC(39) Eden regions: 73->0(86)
[2021-05-31T09:02:07.120-0700][gc,heap       ] GC(39) Survivor regions: 3->3(10)
[2021-05-31T09:02:07.120-0700][gc,heap       ] GC(39) Old regions: 36->36
[2021-05-31T09:02:07.120-0700][gc,heap       ] GC(39) Humongous regions: 129->129
[2021-05-31T09:02:07.120-0700][gc,metaspace  ] GC(39) Metaspace: 54083K->54083K(1097728K)
[2021-05-31T09:02:07.121-0700][gc            ] GC(39) Pause Young (Normal) (G1 Evacuation Pause) 240M->167M(1024M) 6.920ms
[2021-05-31T09:02:07.121-0700][gc,cpu        ] GC(39) User=0.02s Sys=0.00s Real=0.01s
[2021-05-31T09:13:50.806-0700][gc,start      ] GC(40) Pause Young (Normal) (G1 Evacuation Pause)
[2021-05-31T09:13:50.808-0700][gc,task       ] GC(40) Using 4 workers of 4 for evacuation
[2021-05-31T09:13:50.819-0700][gc,phases     ] GC(40)   Pre Evacuate Collection Set: 0.0ms
[2021-05-31T09:13:50.819-0700][gc,phases     ] GC(40)   Evacuate Collection Set: 9.9ms
[2021-05-31T09:13:50.819-0700][gc,phases     ] GC(40)   Post Evacuate Collection Set: 0.3ms
[2021-05-31T09:13:50.819-0700][gc,phases     ] GC(40)   Other: 2.2ms
[2021-05-31T09:13:50.819-0700][gc,heap       ] GC(40) Eden regions: 86->0(89)
[2021-05-31T09:13:50.819-0700][gc,heap       ] GC(40) Survivor regions: 3->3(12)
[2021-05-31T09:13:50.819-0700][gc,heap       ] GC(40) Old regions: 36->36
[2021-05-31T09:13:50.819-0700][gc,heap       ] GC(40) Humongous regions: 129->129
[2021-05-31T09:13:50.819-0700][gc,metaspace  ] GC(40) Metaspace: 54087K->54087K(1097728K)
[2021-05-31T09:13:50.819-0700][gc            ] GC(40) Pause Young (Normal) (G1 Evacuation Pause) 253M->167M(1024M) 12.443ms
[2021-05-31T09:13:50.819-0700][gc,cpu        ] GC(40) User=0.02s Sys=0.01s Real=0.01s
[2021-05-31T09:26:14.177-0700][gc,start      ] GC(41) Pause Young (Normal) (G1 Evacuation Pause)
[2021-05-31T09:26:14.179-0700][gc,task       ] GC(41) Using 4 workers of 4 for evacuation
[2021-05-31T09:26:14.189-0700][gc,phases     ] GC(41)   Pre Evacuate Collection Set: 0.0ms
[2021-05-31T09:26:14.189-0700][gc,phases     ] GC(41)   Evacuate Collection Set: 10.1ms
[2021-05-31T09:26:14.189-0700][gc,phases     ] GC(41)   Post Evacuate Collection Set: 0.2ms
[2021-05-31T09:26:14.189-0700][gc,phases     ] GC(41)   Other: 2.1ms
[2021-05-31T09:26:14.189-0700][gc,heap       ] GC(41) Eden regions: 89->0(92)
[2021-05-31T09:26:14.189-0700][gc,heap       ] GC(41) Survivor regions: 3->3(12)
[2021-05-31T09:26:14.189-0700][gc,heap       ] GC(41) Old regions: 36->36
[2021-05-31T09:26:14.189-0700][gc,heap       ] GC(41) Humongous regions: 129->129
[2021-05-31T09:26:14.189-0700][gc,metaspace  ] GC(41) Metaspace: 54101K->54101K(1097728K)
[2021-05-31T09:26:14.189-0700][gc            ] GC(41) Pause Young (Normal) (G1 Evacuation Pause) 256M->167M(1024M) 12.564ms
[2021-05-31T09:26:14.189-0700][gc,cpu        ] GC(41) User=0.02s Sys=0.02s Real=0.01s
[2021-05-31T09:39:05.239-0700][gc,start      ] GC(42) Pause Young (Normal) (G1 Evacuation Pause)
[2021-05-31T09:39:05.240-0700][gc,task       ] GC(42) Using 4 workers of 4 for evacuation
[2021-05-31T09:39:05.250-0700][gc,phases     ] GC(42)   Pre Evacuate Collection Set: 0.0ms
[2021-05-31T09:39:05.250-0700][gc,phases     ] GC(42)   Evacuate Collection Set: 9.2ms
[2021-05-31T09:39:05.250-0700][gc,phases     ] GC(42)   Post Evacuate Collection Set: 0.2ms
[2021-05-31T09:39:05.250-0700][gc,phases     ] GC(42)   Other: 1.9ms
[2021-05-31T09:39:05.250-0700][gc,heap       ] GC(42) Eden regions: 92->0(99)
[2021-05-31T09:39:05.250-0700][gc,heap       ] GC(42) Survivor regions: 3->3(12)
[2021-05-31T09:39:05.250-0700][gc,heap       ] GC(42) Old regions: 36->36
[2021-05-31T09:39:05.250-0700][gc,heap       ] GC(42) Humongous regions: 129->129
[2021-05-31T09:39:05.250-0700][gc,metaspace  ] GC(42) Metaspace: 54101K->54101K(1097728K)
[2021-05-31T09:39:05.250-0700][gc            ] GC(42) Pause Young (Normal) (G1 Evacuation Pause) 259M->167M(1024M) 11.467ms
[2021-05-31T09:39:05.250-0700][gc,cpu        ] GC(42) User=0.02s Sys=0.02s Real=0.02s
[2021-05-31T09:52:57.694-0700][gc,start      ] GC(43) Pause Young (Normal) (G1 Evacuation Pause)
[2021-05-31T09:52:57.696-0700][gc,task       ] GC(43) Using 4 workers of 4 for evacuation
[2021-05-31T09:52:57.708-0700][gc,phases     ] GC(43)   Pre Evacuate Collection Set: 0.0ms
[2021-05-31T09:52:57.708-0700][gc,phases     ] GC(43)   Evacuate Collection Set: 11.2ms
[2021-05-31T09:52:57.708-0700][gc,phases     ] GC(43)   Post Evacuate Collection Set: 0.2ms
[2021-05-31T09:52:57.708-0700][gc,phases     ] GC(43)   Other: 2.0ms
[2021-05-31T09:52:57.708-0700][gc,heap       ] GC(43) Eden regions: 99->0(105)
[2021-05-31T09:52:57.708-0700][gc,heap       ] GC(43) Survivor regions: 3->4(13)
[2021-05-31T09:52:57.708-0700][gc,heap       ] GC(43) Old regions: 36->36
[2021-05-31T09:52:57.708-0700][gc,heap       ] GC(43) Humongous regions: 129->129
[2021-05-31T09:52:57.708-0700][gc,metaspace  ] GC(43) Metaspace: 54109K->54109K(1097728K)
[2021-05-31T09:52:57.708-0700][gc            ] GC(43) Pause Young (Normal) (G1 Evacuation Pause) 266M->167M(1024M) 13.569ms
[2021-05-31T09:52:57.708-0700][gc,cpu        ] GC(43) User=0.02s Sys=0.01s Real=0.01s
[2021-05-31T10:07:20.410-0700][gc,start      ] GC(44) Pause Young (Normal) (G1 Evacuation Pause)
[2021-05-31T10:07:20.410-0700][gc,task       ] GC(44) Using 4 workers of 4 for evacuation
[2021-05-31T10:07:20.424-0700][gc,phases     ] GC(44)   Pre Evacuate Collection Set: 1.4ms
[2021-05-31T10:07:20.424-0700][gc,phases     ] GC(44)   Evacuate Collection Set: 11.0ms
[2021-05-31T10:07:20.424-0700][gc,phases     ] GC(44)   Post Evacuate Collection Set: 0.6ms
[2021-05-31T10:07:20.424-0700][gc,phases     ] GC(44)   Other: 1.2ms
[2021-05-31T10:07:20.424-0700][gc,heap       ] GC(44) Eden regions: 105->0(114)
[2021-05-31T10:07:20.424-0700][gc,heap       ] GC(44) Survivor regions: 4->3(14)
[2021-05-31T10:07:20.424-0700][gc,heap       ] GC(44) Old regions: 36->36
[2021-05-31T10:07:20.424-0700][gc,heap       ] GC(44) Humongous regions: 129->129
[2021-05-31T10:07:20.424-0700][gc,metaspace  ] GC(44) Metaspace: 54114K->54114K(1097728K)
[2021-05-31T10:07:20.424-0700][gc            ] GC(44) Pause Young (Normal) (G1 Evacuation Pause) 272M->167M(1024M) 14.198ms
[2021-05-31T10:07:20.424-0700][gc,cpu        ] GC(44) User=0.01s Sys=0.01s Real=0.01s
