[2021-05-30T15:39:27.795-0700][gc,heap] Heap region size: 1M
[2021-05-30T15:39:27.805-0700][gc     ] Using G1
[2021-05-30T15:39:27.805-0700][gc,heap,coops] Heap address: 0x00000007c0000000, size: 1024 MB, Compressed Oops mode: Zero based, Oop shift amount: 3
[2021-05-30T15:39:28.856-0700][gc,start     ] GC(0) Pause Young (Concurrent Start) (Metadata GC Threshold)
[2021-05-30T15:39:28.856-0700][gc,task      ] GC(0) Using 4 workers of 4 for evacuation
[2021-05-30T15:39:28.870-0700][gc,phases    ] GC(0)   Pre Evacuate Collection Set: 0.0ms
[2021-05-30T15:39:28.871-0700][gc,phases    ] GC(0)   Evacuate Collection Set: 13.4ms
[2021-05-30T15:39:28.871-0700][gc,phases    ] GC(0)   Post Evacuate Collection Set: 0.4ms
[2021-05-30T15:39:28.871-0700][gc,phases    ] GC(0)   Other: 0.4ms
[2021-05-30T15:39:28.871-0700][gc,heap      ] GC(0) Eden regions: 41->0(44)
[2021-05-30T15:39:28.871-0700][gc,heap      ] GC(0) Survivor regions: 0->7(7)
[2021-05-30T15:39:28.871-0700][gc,heap      ] GC(0) Old regions: 0->0
[2021-05-30T15:39:28.871-0700][gc,heap      ] GC(0) Humongous regions: 0->0
[2021-05-30T15:39:28.871-0700][gc,metaspace ] GC(0) Metaspace: 20775K->20775K(1069056K)
[2021-05-30T15:39:28.871-0700][gc           ] GC(0) Pause Young (Concurrent Start) (Metadata GC Threshold) 41M->6M(1024M) 14.445ms
[2021-05-30T15:39:28.871-0700][gc,cpu       ] GC(0) User=0.02s Sys=0.00s Real=0.02s
[2021-05-30T15:39:28.871-0700][gc           ] GC(1) Concurrent Cycle
[2021-05-30T15:39:28.871-0700][gc,marking   ] GC(1) Concurrent Clear Claimed Marks
[2021-05-30T15:39:28.871-0700][gc,marking   ] GC(1) Concurrent Clear Claimed Marks 0.035ms
[2021-05-30T15:39:28.871-0700][gc,marking   ] GC(1) Concurrent Scan Root Regions
[2021-05-30T15:39:28.875-0700][gc,marking   ] GC(1) Concurrent Scan Root Regions 3.802ms
[2021-05-30T15:39:28.875-0700][gc,marking   ] GC(1) Concurrent Mark (1.088s)
[2021-05-30T15:39:28.875-0700][gc,marking   ] GC(1) Concurrent Mark From Roots
[2021-05-30T15:39:28.875-0700][gc,task      ] GC(1) Using 1 workers of 1 for marking
[2021-05-30T15:39:28.875-0700][gc,marking   ] GC(1) Concurrent Mark From Roots 0.182ms
[2021-05-30T15:39:28.875-0700][gc,marking   ] GC(1) Concurrent Preclean
[2021-05-30T15:39:28.875-0700][gc,marking   ] GC(1) Concurrent Preclean 0.084ms
[2021-05-30T15:39:28.875-0700][gc,marking   ] GC(1) Concurrent Mark (1.088s, 1.089s) 0.368ms
[2021-05-30T15:39:28.875-0700][gc,start     ] GC(1) Pause Remark
[2021-05-30T15:39:28.877-0700][gc,stringtable] GC(1) Cleaned string and symbol table, strings: 7414 processed, 0 removed, symbols: 63431 processed, 40 removed
[2021-05-30T15:39:28.877-0700][gc            ] GC(1) Pause Remark 7M->7M(1024M) 1.855ms
[2021-05-30T15:39:28.877-0700][gc,cpu        ] GC(1) User=0.00s Sys=0.00s Real=0.00s
[2021-05-30T15:39:28.877-0700][gc,marking    ] GC(1) Concurrent Rebuild Remembered Sets
[2021-05-30T15:39:28.877-0700][gc,marking    ] GC(1) Concurrent Rebuild Remembered Sets 0.077ms
[2021-05-30T15:39:28.877-0700][gc,start      ] GC(1) Pause Cleanup
[2021-05-30T15:39:28.877-0700][gc            ] GC(1) Pause Cleanup 7M->7M(1024M) 0.079ms
[2021-05-30T15:39:28.877-0700][gc,cpu        ] GC(1) User=0.00s Sys=0.00s Real=0.00s
[2021-05-30T15:39:28.877-0700][gc,marking    ] GC(1) Concurrent Cleanup for Next Mark
[2021-05-30T15:39:28.886-0700][gc,marking    ] GC(1) Concurrent Cleanup for Next Mark 8.908ms
[2021-05-30T15:39:28.886-0700][gc            ] GC(1) Concurrent Cycle 15.604ms
[2021-05-30T15:39:30.004-0700][gc,start      ] GC(2) Pause Young (Normal) (G1 Evacuation Pause)
[2021-05-30T15:39:30.004-0700][gc,task       ] GC(2) Using 4 workers of 4 for evacuation
[2021-05-30T15:39:30.012-0700][gc,phases     ] GC(2)   Pre Evacuate Collection Set: 0.0ms
[2021-05-30T15:39:30.012-0700][gc,phases     ] GC(2)   Evacuate Collection Set: 7.7ms
[2021-05-30T15:39:30.012-0700][gc,phases     ] GC(2)   Post Evacuate Collection Set: 0.4ms
[2021-05-30T15:39:30.012-0700][gc,phases     ] GC(2)   Other: 0.1ms
[2021-05-30T15:39:30.012-0700][gc,heap       ] GC(2) Eden regions: 44->0(48)
[2021-05-30T15:39:30.012-0700][gc,heap       ] GC(2) Survivor regions: 7->3(7)
[2021-05-30T15:39:30.012-0700][gc,heap       ] GC(2) Old regions: 0->7
[2021-05-30T15:39:30.012-0700][gc,heap       ] GC(2) Humongous regions: 129->129
[2021-05-30T15:39:30.012-0700][gc,metaspace  ] GC(2) Metaspace: 30638K->30638K(1077248K)
[2021-05-30T15:39:30.012-0700][gc            ] GC(2) Pause Young (Normal) (G1 Evacuation Pause) 179M->137M(1024M) 8.453ms
[2021-05-30T15:39:30.012-0700][gc,cpu        ] GC(2) User=0.02s Sys=0.00s Real=0.01s
[2021-05-30T15:39:30.310-0700][gc,start      ] GC(3) Pause Young (Concurrent Start) (Metadata GC Threshold)
[2021-05-30T15:39:30.310-0700][gc,task       ] GC(3) Using 4 workers of 4 for evacuation
[2021-05-30T15:39:30.315-0700][gc,phases     ] GC(3)   Pre Evacuate Collection Set: 0.1ms
[2021-05-30T15:39:30.315-0700][gc,phases     ] GC(3)   Evacuate Collection Set: 4.8ms
[2021-05-30T15:39:30.315-0700][gc,phases     ] GC(3)   Post Evacuate Collection Set: 0.2ms
[2021-05-30T15:39:30.315-0700][gc,phases     ] GC(3)   Other: 0.2ms
[2021-05-30T15:39:30.315-0700][gc,heap       ] GC(3) Eden regions: 24->0(47)
[2021-05-30T15:39:30.315-0700][gc,heap       ] GC(3) Survivor regions: 3->4(7)
[2021-05-30T15:39:30.315-0700][gc,heap       ] GC(3) Old regions: 7->7
[2021-05-30T15:39:30.315-0700][gc,heap       ] GC(3) Humongous regions: 129->129
[2021-05-30T15:39:30.315-0700][gc,metaspace  ] GC(3) Metaspace: 34808K->34808K(1081344K)
[2021-05-30T15:39:30.316-0700][gc            ] GC(3) Pause Young (Concurrent Start) (Metadata GC Threshold) 161M->139M(1024M) 5.316ms
[2021-05-30T15:39:30.316-0700][gc,cpu        ] GC(3) User=0.02s Sys=0.00s Real=0.00s
[2021-05-30T15:39:30.316-0700][gc            ] GC(4) Concurrent Cycle
[2021-05-30T15:39:30.316-0700][gc,marking    ] GC(4) Concurrent Clear Claimed Marks
[2021-05-30T15:39:30.316-0700][gc,marking    ] GC(4) Concurrent Clear Claimed Marks 0.125ms
[2021-05-30T15:39:30.316-0700][gc,marking    ] GC(4) Concurrent Scan Root Regions
[2021-05-30T15:39:30.319-0700][gc,marking    ] GC(4) Concurrent Scan Root Regions 3.634ms
[2021-05-30T15:39:30.319-0700][gc,marking    ] GC(4) Concurrent Mark (2.533s)
[2021-05-30T15:39:30.319-0700][gc,marking    ] GC(4) Concurrent Mark From Roots
[2021-05-30T15:39:30.319-0700][gc,task       ] GC(4) Using 1 workers of 1 for marking
[2021-05-30T15:39:30.332-0700][gc,marking    ] GC(4) Concurrent Mark From Roots 13.053ms
[2021-05-30T15:39:30.333-0700][gc,marking    ] GC(4) Concurrent Preclean
[2021-05-30T15:39:30.333-0700][gc,marking    ] GC(4) Concurrent Preclean 0.080ms
[2021-05-30T15:39:30.333-0700][gc,marking    ] GC(4) Concurrent Mark (2.533s, 2.546s) 13.210ms
[2021-05-30T15:39:30.334-0700][gc,start      ] GC(4) Pause Remark
[2021-05-30T15:39:30.342-0700][gc,stringtable] GC(4) Cleaned string and symbol table, strings: 11637 processed, 8 removed, symbols: 94504 processed, 31 removed
[2021-05-30T15:39:30.342-0700][gc            ] GC(4) Pause Remark 140M->140M(1024M) 8.219ms
[2021-05-30T15:39:30.342-0700][gc,cpu        ] GC(4) User=0.01s Sys=0.01s Real=0.01s
[2021-05-30T15:39:30.342-0700][gc,marking    ] GC(4) Concurrent Rebuild Remembered Sets
[2021-05-30T15:39:30.350-0700][gc,marking    ] GC(4) Concurrent Rebuild Remembered Sets 7.593ms
[2021-05-30T15:39:30.350-0700][gc,start      ] GC(4) Pause Cleanup
[2021-05-30T15:39:30.350-0700][gc            ] GC(4) Pause Cleanup 140M->140M(1024M) 0.130ms
[2021-05-30T15:39:30.350-0700][gc,cpu        ] GC(4) User=0.00s Sys=0.00s Real=0.00s
[2021-05-30T15:39:30.350-0700][gc,marking    ] GC(4) Concurrent Cleanup for Next Mark
[2021-05-30T15:39:30.360-0700][gc,marking    ] GC(4) Concurrent Cleanup for Next Mark 9.331ms
[2021-05-30T15:39:30.360-0700][gc            ] GC(4) Concurrent Cycle 44.017ms
[2021-05-30T15:41:39.239-0700][gc,start      ] GC(5) Pause Young (Normal) (G1 Evacuation Pause)
[2021-05-30T15:41:39.239-0700][gc,task       ] GC(5) Using 4 workers of 4 for evacuation
[2021-05-30T15:41:39.247-0700][gc,phases     ] GC(5)   Pre Evacuate Collection Set: 0.0ms
[2021-05-30T15:41:39.247-0700][gc,phases     ] GC(5)   Evacuate Collection Set: 7.2ms
[2021-05-30T15:41:39.247-0700][gc,phases     ] GC(5)   Post Evacuate Collection Set: 0.4ms
[2021-05-30T15:41:39.247-0700][gc,phases     ] GC(5)   Other: 0.5ms
[2021-05-30T15:41:39.247-0700][gc,heap       ] GC(5) Eden regions: 47->0(46)
[2021-05-30T15:41:39.247-0700][gc,heap       ] GC(5) Survivor regions: 4->5(7)
[2021-05-30T15:41:39.247-0700][gc,heap       ] GC(5) Old regions: 7->9
[2021-05-30T15:41:39.247-0700][gc,heap       ] GC(5) Humongous regions: 129->129
[2021-05-30T15:41:39.247-0700][gc,metaspace  ] GC(5) Metaspace: 44431K->44431K(1089536K)
[2021-05-30T15:41:39.247-0700][gc            ] GC(5) Pause Young (Normal) (G1 Evacuation Pause) 186M->141M(1024M) 8.223ms
[2021-05-30T15:41:39.247-0700][gc,cpu        ] GC(5) User=0.03s Sys=0.00s Real=0.01s
[2021-05-30T15:45:32.544-0700][gc,start      ] GC(6) Pause Young (Normal) (G1 Evacuation Pause)
[2021-05-30T15:45:32.546-0700][gc,task       ] GC(6) Using 4 workers of 4 for evacuation
[2021-05-30T15:45:32.555-0700][gc,phases     ] GC(6)   Pre Evacuate Collection Set: 0.0ms
[2021-05-30T15:45:32.555-0700][gc,phases     ] GC(6)   Evacuate Collection Set: 8.5ms
[2021-05-30T15:45:32.555-0700][gc,phases     ] GC(6)   Post Evacuate Collection Set: 0.6ms
[2021-05-30T15:45:32.555-0700][gc,phases     ] GC(6)   Other: 1.7ms
[2021-05-30T15:45:32.555-0700][gc,heap       ] GC(6) Eden regions: 46->0(45)
[2021-05-30T15:45:32.555-0700][gc,heap       ] GC(6) Survivor regions: 5->6(7)
[2021-05-30T15:45:32.555-0700][gc,heap       ] GC(6) Old regions: 9->11
[2021-05-30T15:45:32.555-0700][gc,heap       ] GC(6) Humongous regions: 129->129
[2021-05-30T15:45:32.555-0700][gc,metaspace  ] GC(6) Metaspace: 49811K->49811K(1093632K)
[2021-05-30T15:45:32.555-0700][gc            ] GC(6) Pause Young (Normal) (G1 Evacuation Pause) 187M->144M(1024M) 10.947ms
[2021-05-30T15:45:32.555-0700][gc,cpu        ] GC(6) User=0.03s Sys=0.00s Real=0.01s
[2021-05-30T15:56:54.163-0700][gc,start      ] GC(7) Pause Young (Normal) (G1 Evacuation Pause)
[2021-05-30T15:56:54.164-0700][gc,task       ] GC(7) Using 4 workers of 4 for evacuation
[2021-05-30T15:56:54.178-0700][gc,phases     ] GC(7)   Pre Evacuate Collection Set: 0.0ms
[2021-05-30T15:56:54.178-0700][gc,phases     ] GC(7)   Evacuate Collection Set: 13.1ms
[2021-05-30T15:56:54.178-0700][gc,phases     ] GC(7)   Post Evacuate Collection Set: 0.6ms
[2021-05-30T15:56:54.178-0700][gc,phases     ] GC(7)   Other: 1.9ms
[2021-05-30T15:56:54.178-0700][gc,heap       ] GC(7) Eden regions: 45->0(46)
[2021-05-30T15:56:54.178-0700][gc,heap       ] GC(7) Survivor regions: 6->5(7)
[2021-05-30T15:56:54.178-0700][gc,heap       ] GC(7) Old regions: 11->13
[2021-05-30T15:56:54.178-0700][gc,heap       ] GC(7) Humongous regions: 129->129
[2021-05-30T15:56:54.178-0700][gc,metaspace  ] GC(7) Metaspace: 50630K->50630K(1095680K)
[2021-05-30T15:56:54.178-0700][gc            ] GC(7) Pause Young (Normal) (G1 Evacuation Pause) 189M->146M(1024M) 15.734ms
[2021-05-30T15:56:54.178-0700][gc,cpu        ] GC(7) User=0.04s Sys=0.00s Real=0.01s
[2021-05-30T16:08:59.361-0700][gc,start      ] GC(8) Pause Young (Normal) (G1 Evacuation Pause)
[2021-05-30T16:08:59.362-0700][gc,task       ] GC(8) Using 4 workers of 4 for evacuation
[2021-05-30T16:08:59.372-0700][gc,phases     ] GC(8)   Pre Evacuate Collection Set: 0.0ms
[2021-05-30T16:08:59.373-0700][gc,phases     ] GC(8)   Evacuate Collection Set: 10.1ms
[2021-05-30T16:08:59.373-0700][gc,phases     ] GC(8)   Post Evacuate Collection Set: 0.5ms
[2021-05-30T16:08:59.373-0700][gc,phases     ] GC(8)   Other: 1.1ms
[2021-05-30T16:08:59.373-0700][gc,heap       ] GC(8) Eden regions: 46->0(48)
[2021-05-30T16:08:59.373-0700][gc,heap       ] GC(8) Survivor regions: 5->3(7)
[2021-05-30T16:08:59.373-0700][gc,heap       ] GC(8) Old regions: 13->16
[2021-05-30T16:08:59.373-0700][gc,heap       ] GC(8) Humongous regions: 129->129
[2021-05-30T16:08:59.373-0700][gc,metaspace  ] GC(8) Metaspace: 51160K->51160K(1095680K)
[2021-05-30T16:08:59.373-0700][gc            ] GC(8) Pause Young (Normal) (G1 Evacuation Pause) 192M->146M(1024M) 11.823ms
[2021-05-30T16:08:59.373-0700][gc,cpu        ] GC(8) User=0.04s Sys=0.00s Real=0.01s
[2021-05-30T16:25:27.570-0700][gc,heap,exit  ] Heap
[2021-05-30T16:25:27.570-0700][gc,heap,exit  ]  garbage-first heap   total 1048576K, used 180043K [0x00000007c0000000, 0x0000000800000000)
[2021-05-30T16:25:27.570-0700][gc,heap,exit  ]   region size 1024K, 34 young (34816K), 3 survivors (3072K)
[2021-05-30T16:25:27.570-0700][gc,heap,exit  ]  Metaspace       used 52216K, capacity 55162K, committed 55216K, reserved 1095680K
[2021-05-30T16:25:27.570-0700][gc,heap,exit  ]   class space    used 6984K, capacity 8425K, committed 8448K, reserved 1048576K
