[2021-05-30T15:36:03.023-0700][gc,heap] Heap region size: 1M
[2021-05-30T15:36:03.028-0700][gc     ] Using G1
[2021-05-30T15:36:03.028-0700][gc,heap,coops] Heap address: 0x00000007e0000000, size: 512 MB, Compressed Oops mode: Zero based, Oop shift amount: 3
[2021-05-30T15:39:29.070-0700][gc,start     ] GC(0) Pause Young (Normal) (G1 Evacuation Pause)
[2021-05-30T15:39:29.071-0700][gc,task      ] GC(0) Using 4 workers of 4 for evacuation
[2021-05-30T15:39:29.076-0700][gc,phases    ] GC(0)   Pre Evacuate Collection Set: 0.0ms
[2021-05-30T15:39:29.076-0700][gc,phases    ] GC(0)   Evacuate Collection Set: 5.2ms
[2021-05-30T15:39:29.076-0700][gc,phases    ] GC(0)   Post Evacuate Collection Set: 0.3ms
[2021-05-30T15:39:29.076-0700][gc,phases    ] GC(0)   Other: 0.3ms
[2021-05-30T15:39:29.076-0700][gc,heap      ] GC(0) Eden regions: 25->0(21)
[2021-05-30T15:39:29.076-0700][gc,heap      ] GC(0) Survivor regions: 0->4(4)
[2021-05-30T15:39:29.076-0700][gc,heap      ] GC(0) Old regions: 0->2
[2021-05-30T15:39:29.076-0700][gc,heap      ] GC(0) Humongous regions: 0->0
[2021-05-30T15:39:29.076-0700][gc,metaspace ] GC(0) Metaspace: 15232K->15232K(1062912K)
[2021-05-30T15:39:29.076-0700][gc           ] GC(0) Pause Young (Normal) (G1 Evacuation Pause) 25M->5M(512M) 6.015ms
[2021-05-30T15:39:29.076-0700][gc,cpu       ] GC(0) User=0.02s Sys=0.01s Real=0.00s
[2021-05-30T16:25:12.501-0700][gc,heap,exit ] Heap
[2021-05-30T16:25:12.503-0700][gc,heap,exit ]  garbage-first heap   total 524288K, used 14232K [0x00000007e0000000, 0x0000000800000000)
[2021-05-30T16:25:12.503-0700][gc,heap,exit ]   region size 1024K, 13 young (13312K), 4 survivors (4096K)
[2021-05-30T16:25:12.503-0700][gc,heap,exit ]  Metaspace       used 16056K, capacity 16378K, committed 16640K, reserved 1064960K
[2021-05-30T16:25:12.503-0700][gc,heap,exit ]   class space    used 1584K, capacity 1710K, committed 1792K, reserved 1048576K
